Component: ARM Compiler 5.06 update 6 (build 750) Tool: armlink [4d35ed]

==============================================================================

Section Cross References

    startup_stm32f103xb.o(STACK) refers (Special) to heapauxi.o(.text) for __use_two_region_memory
    startup_stm32f103xb.o(HEAP) refers (Special) to heapauxi.o(.text) for __use_two_region_memory
    startup_stm32f103xb.o(RESET) refers (Special) to heapauxi.o(.text) for __use_two_region_memory
    startup_stm32f103xb.o(RESET) refers to startup_stm32f103xb.o(STACK) for __initial_sp
    startup_stm32f103xb.o(RESET) refers to startup_stm32f103xb.o(.text) for Reset_Handler
    startup_stm32f103xb.o(RESET) refers to stm32f1xx_it.o(i.NMI_Handler) for NMI_Handler
    startup_stm32f103xb.o(RESET) refers to stm32f1xx_it.o(i.HardFault_Handler) for HardFault_Handler
    startup_stm32f103xb.o(RESET) refers to stm32f1xx_it.o(i.MemManage_Handler) for MemManage_Handler
    startup_stm32f103xb.o(RESET) refers to stm32f1xx_it.o(i.BusFault_Handler) for BusFault_Handler
    startup_stm32f103xb.o(RESET) refers to stm32f1xx_it.o(i.UsageFault_Handler) for UsageFault_Handler
    startup_stm32f103xb.o(RESET) refers to port.o(.emb_text) for SVC_Handler
    startup_stm32f103xb.o(RESET) refers to stm32f1xx_it.o(i.DebugMon_Handler) for DebugMon_Handler
    startup_stm32f103xb.o(RESET) refers to cmsis_os2.o(i.SysTick_Handler) for SysTick_Handler
    startup_stm32f103xb.o(RESET) refers to stm32f1xx_it.o(i.TIM4_IRQHandler) for TIM4_IRQHandler
    startup_stm32f103xb.o(RESET) refers to stm32f1xx_it.o(i.SPI1_IRQHandler) for SPI1_IRQHandler
    startup_stm32f103xb.o(RESET) refers to stm32f1xx_it.o(i.USART1_IRQHandler) for USART1_IRQHandler
    startup_stm32f103xb.o(.text) refers (Special) to heapauxi.o(.text) for __use_two_region_memory
    startup_stm32f103xb.o(.text) refers to system_stm32f1xx_1.o(i.SystemInit) for SystemInit
    startup_stm32f103xb.o(.text) refers to __main.o(!!!main) for __main
    startup_stm32f103xb.o(.text) refers to startup_stm32f103xb.o(HEAP) for Heap_Mem
    startup_stm32f103xb.o(.text) refers to startup_stm32f103xb.o(STACK) for Stack_Mem
    ws2812frame.o(i.ClearAllColor) refers to ws2812frame.o(i.CreatData) for CreatData
    ws2812frame.o(i.ClearIndexColor) refers to ws2812frame.o(i.CreatData) for CreatData
    ws2812frame.o(i.CreatData) refers to rt_memclr_w.o(.text) for __aeabi_memclr4
    ws2812frame.o(i.CreatData) refers to rt_memcpy_v6.o(.text) for __aeabi_memcpy
    ws2812frame.o(i.SetWSColor) refers to ws2812frame.o(i.CreatData) for CreatData
    ws2812frame.o(i.WS2812SendDataLoop) refers to ws2812frame.o(.data) for .data
    ws2812frame.o(i.WS2812SendMassge) refers to stm32f1xx_hal_spi.o(i.HAL_SPI_Transmit_DMA) for HAL_SPI_Transmit_DMA
    ws2812frame.o(i.WS2812SendMassge) refers to spi.o(.bss) for hspi1
    dma.o(i.MX_DMA_Init) refers to stm32f1xx_hal_cortex.o(i.HAL_NVIC_SetPriority) for HAL_NVIC_SetPriority
    dma.o(i.MX_DMA_Init) refers to stm32f1xx_hal_cortex.o(i.HAL_NVIC_EnableIRQ) for HAL_NVIC_EnableIRQ
    main.o(i.HAL_TIM_PeriodElapsedCallback) refers to stm32f1xx_hal.o(i.HAL_IncTick) for HAL_IncTick
    main.o(i.SystemClock_Config) refers to rt_memclr_w.o(.text) for __aeabi_memclr4
    main.o(i.SystemClock_Config) refers to stm32f1xx_hal_rcc.o(i.HAL_RCC_OscConfig) for HAL_RCC_OscConfig
    main.o(i.SystemClock_Config) refers to stm32f1xx_hal_rcc.o(i.HAL_RCC_ClockConfig) for HAL_RCC_ClockConfig
    main.o(i.main) refers to stm32f1xx_hal.o(i.HAL_Init) for HAL_Init
    main.o(i.main) refers to main.o(i.SystemClock_Config) for SystemClock_Config
    main.o(i.main) refers to gpio.o(i.MX_GPIO_Init) for MX_GPIO_Init
    main.o(i.main) refers to spi.o(i.MX_SPI1_Init) for MX_SPI1_Init
    main.o(i.main) refers to usart.o(i.MX_USART1_UART_Init) for MX_USART1_UART_Init
    main.o(i.main) refers to cmsis_os2.o(i.osKernelInitialize) for osKernelInitialize
    main.o(i.main) refers to freertos.o(i.MX_FREERTOS_Init) for MX_FREERTOS_Init
    main.o(i.main) refers to cmsis_os2.o(i.osKernelStart) for osKernelStart
    gpio.o(i.MX_GPIO_Init) refers to stm32f1xx_hal_gpio.o(i.HAL_GPIO_WritePin) for HAL_GPIO_WritePin
    gpio.o(i.MX_GPIO_Init) refers to stm32f1xx_hal_gpio.o(i.HAL_GPIO_Init) for HAL_GPIO_Init
    freertos.o(i.CRC16_CCITT) refers to freertos.o(i.InvertUint8) for InvertUint8
    freertos.o(i.CRC16_CCITT) refers to freertos.o(i.InvertUint16) for InvertUint16
    freertos.o(i.HAL_UART_RxCpltCallback) refers to stm32f1xx_hal_uart.o(i.HAL_UART_Receive_IT) for HAL_UART_Receive_IT
    freertos.o(i.HAL_UART_RxCpltCallback) refers to queue.o(i.xQueueGenericSendFromISR) for xQueueGenericSendFromISR
    freertos.o(i.HAL_UART_RxCpltCallback) refers to freertos.o(.data) for .data
    freertos.o(i.HAL_UART_RxCpltCallback) refers to freertos.o(.bss) for .bss
    freertos.o(i.HAL_UART_RxCpltCallback) refers to usart.o(.bss) for huart1
    freertos.o(i.MX_FREERTOS_Init) refers to queue.o(i.xQueueCreateMutex) for xQueueCreateMutex
[...]
    i.pvTaskIncrementMutexHeldCount          0x08003600   Section        0  tasks.o(i.pvTaskIncrementMutexHeldCount)
    i.pxPortInitialiseStack                  0x08003618   Section        0  port.o(i.pxPortInitialiseStack)
    i.releasespi                             0x0800363c   Section        0  freertos.o(i.releasespi)
    i.releaseuart                            0x08003650   Section        0  freertos.o(i.releaseuart)
    i.spitask                                0x08003664   Section        0  freertos.o(i.spitask)
    i.uxListRemove                           0x08003808   Section        0  list.o(i.uxListRemove)
    i.uxTaskResetEventItemValue              0x08003830   Section        0  tasks.o(i.uxTaskResetEventItemValue)
    i.vApplicationGetIdleTaskMemory          0x08003848   Section        0  cmsis_os2.o(i.vApplicationGetIdleTaskMemory)
    i.vApplicationGetTimerTaskMemory         0x0800385c   Section        0  cmsis_os2.o(i.vApplicationGetTimerTaskMemory)
    i.vListInitialise                        0x08003874   Section        0  list.o(i.vListInitialise)
    i.vListInitialiseItem                    0x0800388a   Section        0  list.o(i.vListInitialiseItem)
    i.vListInsert                            0x08003890   Section        0  list.o(i.vListInsert)
    i.vListInsertEnd                         0x080038c0   Section        0  list.o(i.vListInsertEnd)
    i.vPortEnterCritical                     0x080038d8   Section        0  port.o(i.vPortEnterCritical)
    i.vPortExitCritical                      0x08003918   Section        0  port.o(i.vPortExitCritical)
    i.vPortFree                              0x08003940   Section        0  heap_4.o(i.vPortFree)
    i.vPortSetupTimerInterrupt               0x080039a4   Section        0  port.o(i.vPortSetupTimerInterrupt)
    i.vPortValidateInterruptPriority         0x080039c8   Section        0  port.o(i.vPortValidateInterruptPriority)
    i.vQueueAddToRegistry                    0x08003a1c   Section        0  queue.o(i.vQueueAddToRegistry)
    i.vQueueWaitForMessageRestricted         0x08003a44   Section        0  queue.o(i.vQueueWaitForMessageRestricted)
    i.vTaskDelay                             0x08003a88   Section        0  tasks.o(i.vTaskDelay)
    i.vTaskInternalSetTimeOutState           0x08003ad4   Section        0  tasks.o(i.vTaskInternalSetTimeOutState)
    i.vTaskMissedYield                       0x08003ae4   Section        0  tasks.o(i.vTaskMissedYield)
    i.vTaskPlaceOnEventList                  0x08003af0   Section        0  tasks.o(i.vTaskPlaceOnEventList)
    i.vTaskPlaceOnEventListRestricted        0x08003b20   Section        0  tasks.o(i.vTaskPlaceOnEventListRestricted)
    i.vTaskPlaceOnUnorderedEventList         0x08003b58   Section        0  tasks.o(i.vTaskPlaceOnUnorderedEventList)
    i.vTaskPriorityDisinheritAfterTimeout    0x08003ba8   Section        0  tasks.o(i.vTaskPriorityDisinheritAfterTimeout)
    i.vTaskRemoveFromUnorderedEventList      0x08003c38   Section        0  tasks.o(i.vTaskRemoveFromUnorderedEventList)
    i.vTaskStartScheduler                    0x08003ca8   Section        0  tasks.o(i.vTaskStartScheduler)
    i.vTaskSuspendAll                        0x08003d30   Section        0  tasks.o(i.vTaskSuspendAll)
    i.vTaskSwitchContext                     0x08003d40   Section        0  tasks.o(i.vTaskSwitchContext)
    i.waitspi                                0x08003da4   Section        0  freertos.o(i.waitspi)
    i.waituart                               0x08003db4   Section        0  freertos.o(i.waituart)
    i.xEventGroupCreate                      0x08003dc4   Section        0  event_groups.o(i.xEventGroupCreate)
    i.xEventGroupSetBits                     0x08003de0   Section        0  event_groups.o(i.xEventGroupSetBits)
    i.xEventGroupWaitBits                    0x08003e6c   Section        0  event_groups.o(i.xEventGroupWaitBits)
    i.xPortStartScheduler                    0x08003f74   Section        0  port.o(i.xPortStartScheduler)
    i.xPortSysTickHandler                    0x0800401c   Section        0  port.o(i.xPortSysTickHandler)
    i.xQueueCreateMutex                      0x08004048   Section        0  queue.o(i.xQueueCreateMutex)
    i.xQueueGenericCreate                    0x0800405e   Section        0  queue.o(i.xQueueGenericCreate)
    i.xQueueGenericCreateStatic              0x080040a0   Section        0  queue.o(i.xQueueGenericCreateStatic)
    i.xQueueGenericReset                     0x08004108   Section        0  queue.o(i.xQueueGenericReset)
    i.xQueueGenericSend                      0x08004190   Section        0  queue.o(i.xQueueGenericSend)
    i.xQueueGenericSendFromISR               0x08004308   Section        0  queue.o(i.xQueueGenericSendFromISR)
    i.xQueueReceive                          0x080043e0   Section        0  queue.o(i.xQueueReceive)
    i.xQueueSemaphoreTake                    0x08004518   Section        0  queue.o(i.xQueueSemaphoreTake)
    i.xTaskCheckForTimeOut                   0x08004690   Section        0  tasks.o(i.xTaskCheckForTimeOut)
    i.xTaskCreate                            0x08004704   Section        0  tasks.o(i.xTaskCreate)
    i.xTaskCreateStatic                      0x0800475e   Section        0  tasks.o(i.xTaskCreateStatic)
    i.xTaskGetSchedulerState                 0x080047b4   Section        0  tasks.o(i.xTaskGetSchedulerState)
    i.xTaskGetTickCount                      0x080047d0   Section        0  tasks.o(i.xTaskGetTickCount)
    i.xTaskIncrementTick                     0x080047dc   Section        0  tasks.o(i.xTaskIncrementTick)
    i.xTaskPriorityDisinherit                0x080048a4   Section        0  tasks.o(i.xTaskPriorityDisinherit)
    i.xTaskPriorityInherit                   0x08004924   Section        0  tasks.o(i.xTaskPriorityInherit)
    i.xTaskRemoveFromEventList               0x0800499c   Section        0  tasks.o(i.xTaskRemoveFromEventList)
    i.xTaskResumeAll                         0x08004a0c   Section        0  tasks.o(i.xTaskResumeAll)
    i.xTimerCreateTimerTask                  0x08004ad0   Section        0  timers.o(i.xTimerCreateTimerTask)
    i.xTimerGenericCommand                   0x08004b30   Section        0  timers.o(i.xTimerGenericCommand)
    .constdata                               0x08004b98   Section       60  freertos.o(.constdata)
    .constdata                               0x08004bd4   Section       16  system_stm32f1xx_1.o(.constdata)
    .constdata                               0x08004be4   Section        8  system_stm32f1xx_1.o(.constdata)
    .constdata                               0x08004bec   Section       18  stm32f1xx_hal_rcc.o(.constdata)
    aPredivFactorTable                       0x08004bec   Data           2  stm32f1xx_hal_rcc.o(.constdata)
    aPLLMULFactorTable                       0x08004bee   Data          16  stm32f1xx_hal_rcc.o(.constdata)
    .constdata                               0x08004bfe   Section       17  __printf_flags_wp.o(.constdata)
    maptable                                 0x08004bfe   Data          17  __printf_flags_wp.o(.constdata)
    .conststring                             0x08004c10   Section       49  freertos.o(.conststring)
    .data                                    0x20000000   Section       68  freertos.o(.data)
    .data                                    0x20000044   Section        4  system_stm32f1xx_1.o(.data)
    .data                                    0x20000048   Section       12  stm32f1xx_hal.o(.data)
    .data                                    0x20000054   Section       60  tasks.o(.data)
    uxDeletedTasksWaitingCleanUp             0x20000058   Data           4  tasks.o(.data)
    uxCurrentNumberOfTasks                   0x2000005c   Data           4  tasks.o(.data)
    xTickCount                               0x20000060   Data           4  tasks.o(.data)
    uxTopReadyPriority                       0x20000064   Data           4  tasks.o(.data)
    xSchedulerRunning                        0x20000068   Data           4  tasks.o(.data)
    xPendedTicks                             0x2000006c   Data           4  tasks.o(.data)
    xYieldPending                            0x20000070   Data           4  tasks.o(.data)
    xNumOfOverflows                          0x20000074   Data           4  tasks.o(.data)
    uxTaskNumber                             0x20000078   Data           4  tasks.o(.data)
    xNextTaskUnblockTime                     0x2000007c   Data           4  tasks.o(.data)
    xIdleTaskHandle                          0x20000080   Data           4  tasks.o(.data)
    uxSchedulerSuspended                     0x20000084   Data           4  tasks.o(.data)
    pxDelayedTaskList                        0x20000088   Data           4  tasks.o(.data)
    pxOverflowDelayedTaskList                0x2000008c   Data           4  tasks.o(.data)
    .data                                    0x20000090   Section       20  timers.o(.data)
    xTimerQueue                              0x20000090   Data           4  timers.o(.data)
    xTimerTaskHandle                         0x20000094   Data           4  timers.o(.data)
    xLastTime                                0x20000098   Data           4  timers.o(.data)
    pxCurrentTimerList                       0x2000009c   Data           4  timers.o(.data)
    pxOverflowTimerList                      0x200000a0   Data           4  timers.o(.data)
    .data                                    0x200000a4   Section        4  cmsis_os2.o(.data)
    KernelState                              0x200000a4   Data           4  cmsis_os2.o(.data)
    .data                                    0x200000a8   Section       32  heap_4.o(.data)
    pxEnd                                    0x200000a8   Data           4  heap_4.o(.data)
    xFreeBytesRemaining                      0x200000ac   Data           4  heap_4.o(.data)
    xMinimumEverFreeBytesRemaining           0x200000b0   Data           4  heap_4.o(.data)
    xNumberOfSuccessfulAllocations           0x200000b4   Data           4  heap_4.o(.data)
    xNumberOfSuccessfulFrees                 0x200000b8   Data           4  heap_4.o(.data)
    xBlockAllocatedBit                       0x200000bc   Data           4  heap_4.o(.data)
    xStart                                   0x200000c0   Data           8  heap_4.o(.data)
    .data                                    0x200000c8   Section       12  port.o(.data)
    ucMaxSysCallPriority                     0x200000c8   Data           1  port.o(.data)
    uxCriticalNesting                        0x200000cc   Data           4  port.o(.data)
    ulMaxPRIGROUPValue                       0x200000d0   Data           4  port.o(.data)
    .bss                                     0x200000d4   Section       64  freertos.o(.bss)
    txData_copy                              0x200000f8   Data          18  freertos.o(.bss)
    .bss                                     0x20000114   Section       88  spi.o(.bss)
    .bss                                     0x2000016c   Section       72  usart.o(.bss)
    .bss                                     0x200001b4   Section       72  stm32f1xx_hal_timebase_tim.o(.bss)
    .bss                                     0x200001fc   Section       64  queue.o(.bss)
    .bss                                     0x2000023c   Section     1220  tasks.o(.bss)
    pxReadyTasksLists                        0x2000023c   Data        1120  tasks.o(.bss)
    xDelayedTaskList1                        0x2000069c   Data          20  tasks.o(.bss)
    xDelayedTaskList2                        0x200006b0   Data          20  tasks.o(.bss)
    xPendingReadyList                        0x200006c4   Data          20  tasks.o(.bss)
    xTasksWaitingTermination                 0x200006d8   Data          20  tasks.o(.bss)
    xSuspendedTaskList                       0x200006ec   Data          20  tasks.o(.bss)
    .bss                                     0x20000700   Section      284  timers.o(.bss)
    xStaticTimerQueue                        0x20000700   Data          84  timers.o(.bss)
    ucStaticTimerQueueStorage                0x20000754   Data         160  timers.o(.bss)
    xActiveTimerList1                        0x200007f4   Data          20  timers.o(.bss)
    xActiveTimerList2                        0x20000808   Data          20  timers.o(.bss)
    .bss                                     0x2000081c   Section     1720  cmsis_os2.o(.bss)
    Idle_TCB                                 0x2000081c   Data          92  cmsis_os2.o(.bss)
    Idle_Stack                               0x20000878   Data         512  cmsis_os2.o(.bss)
    Timer_TCB                                0x20000a78   Data          92  cmsis_os2.o(.bss)
    Timer_Stack                              0x20000ad4   Data        1024  cmsis_os2.o(.bss)
    .bss                                     0x20000ed4   Section     3072  heap_4.o(.bss)
    ucHeap                                   0x20000ed4   Data        3072  heap_4.o(.bss)
    .bss                                     0x20001ad4   Section       96  libspace.o(.bss)
    HEAP                                     0x20001b38   Section      512  startup_stm32f103xb.o(HEAP)
    Heap_Mem                                 0x20001b38   Data         512  startup_stm32f103xb.o(HEAP)
    STACK                                    0x20001d38   Section     1024  startup_stm32f103xb.o(STACK)
    Stack_Mem                                0x20001d38   Data        1024  startup_stm32f103xb.o(STACK)
    __initial_sp                             0x20002138   Data           0  startup_stm32f103xb.o(STACK)

    Global Symbols

    Symbol Name                              Value     Ov Type        Size  Object(Section)

    BuildAttributes$$THM_ISAv4$P$D$K$B$S$PE$A:L22UL41UL21$X:L11$S22US41US21$IEEE1$IW$USESV6$~STKCKD$USESV7$~SHL$OTIME$ROPI$EBA8$UX$STANDARDLIB$REQ8$PRES8$EABIv2 0x00000000   Number         0  anon$$obj.o ABSOLUTE
    __ARM_use_no_argv                        0x00000000   Number         0  main.o ABSOLUTE
    _printf_flags                            0x00000000   Number         0  printf_stubs.o ABSOLUTE
    _printf_return_value                     0x00000000   Number         0  printf_stubs.o ABSOLUTE
    _printf_sizespec                         0x00000000   Number         0  printf_stubs.o ABSOLUTE
    _printf_widthprec                        0x00000000   Number         0  printf_stubs.o ABSOLUTE
    __ARM_exceptions_init                     - Undefined Weak Reference
    __alloca_initialize                       - Undefined Weak Reference
    __arm_preinit_                            - Undefined Weak Reference
    __cpp_initialize__aeabi_                  - Undefined Weak Reference
    __cxa_finalize                            - Undefined Weak Reference
    __rt_locale                               - Undefined Weak Reference
    __sigvec_lookup                           - Undefined Weak Reference
    __user_heap_extent                        - Undefined Weak Reference
    _atexit_init                              - Undefined Weak Reference
    _call_atexit_fns                          - Undefined Weak Reference
    _clock_init                               - Undefined Weak Reference
    _fp_trap_init                             - Undefined Weak Reference
    _fp_trap_shutdown                         - Undefined Weak Reference
    _get_lc_collate                           - Undefined Weak Reference
    _get_lc_ctype                             - Undefined Weak Reference
    _get_lc_monetary                          - Undefined Weak Reference
    _get_lc_numeric                           - Undefined Weak Reference
    _get_lc_time                              - Undefined Weak Reference
    _getenv_init                              - Undefined Weak Reference
    _handle_redirection                       - Undefined Weak Reference
    _initio                                   - Undefined Weak Reference
    _mutex_acquire                            - Undefined Weak Reference
    _mutex_free                               - Undefined Weak Reference
    _mutex_release                            - Undefined Weak Reference
    _printf_truncate_signed                   - Undefined Weak Reference
    _printf_truncate_unsigned                 - Undefined Weak Reference
    _rand_init                                - Undefined Weak Reference
    _signal_finish                            - Undefined Weak Reference
    _signal_init                              - Undefined Weak Reference
    _terminateio                              - Undefined Weak Reference
    __Vectors_Size                           0x000000ec   Number         0  startup_stm32f103xb.o ABSOLUTE
    __Vectors                                0x08000000   Data           4  startup_stm32f103xb.o(RESET)
    __Vectors_End                            0x080000ec   Data           0  startup_stm32f103xb.o(RESET)
    __main                                   0x080000ed   Thumb Code     8  __main.o(!!!main)
    __scatterload                            0x080000f5   Thumb Code     0  __scatter.o(!!!scatter)
    __scatterload_rt2                        0x080000f5   Thumb Code    44  __scatter.o(!!!scatter)
    __scatterload_rt2_thumb_only             0x080000f5   Thumb Code     0  __scatter.o(!!!scatter)
    __scatterload_null                       0x08000103   Thumb Code     0  __scatter.o(!!!scatter)
    __scatterload_copy                       0x08000129   Thumb Code    26  __scatter_copy.o(!!handler_copy)
    __scatterload_zeroinit                   0x08000145   Thumb Code    28  __scatter_zi.o(!!handler_zi)
    _printf_d                                0x08000161   Thumb Code     0  _printf_d.o(.ARM.Collect$$_printf_percent$$00000009)
    _printf_percent                          0x08000161   Thumb Code     0  _printf_percent.o(.ARM.Collect$$_printf_percent$$00000000)
    _printf_percent_end                      0x08000167   Thumb Code     0  _printf_percent_end.o(.ARM.Collect$$_printf_percent$$00000017)
    __rt_lib_init                            0x0800016b   Thumb Code     0  libinit.o(.ARM.Collect$$libinit$$00000000)
    __rt_lib_init_fp_1                       0x0800016d   Thumb Code     0  libinit2.o(.ARM.Collect$$libinit$$00000002)
    __rt_lib_init_heap_2                     0x0800016d   Thumb Code     0  libinit2.o(.ARM.Collect$$libinit$$00000005)
    __rt_lib_init_preinit_1                  0x0800016d   Thumb Code     0  libinit2.o(.ARM.Collect$$libinit$$00000004)
    __rt_lib_init_alloca_1                   0x08000175   Thumb Code     0  libinit2.o(.ARM.Collect$$libinit$$0000002E)
    __rt_lib_init_argv_1                     0x08000175   Thumb Code     0  libinit2.o(.ARM.Collect$$libinit$$0000002C)
    __rt_lib_init_atexit_1                   0x08000175   Thumb Code     0  libinit2.o(.ARM.Collect$$libinit$$0000001B)
    __rt_lib_init_clock_1                    0x08000175   Thumb Code     0  libinit2.o(.ARM.Collect$$libinit$$00000021)
    __rt_lib_init_cpp_1                      0x08000175   Thumb Code     0  libinit2.o(.ARM.Collect$$libinit$$00000032)
    __rt_lib_init_exceptions_1               0x08000175   Thumb Code     0  libinit2.o(.ARM.Collect$$libinit$$00000030)
    __rt_lib_init_fp_trap_1                  0x08000175   Thumb Code     0  libinit2.o(.ARM.Collect$$libinit$$0000001F)
    __rt_lib_init_getenv_1                   0x08000175   Thumb Code     0  libinit2.o(.ARM.Collect$$libinit$$00000023)
    __rt_lib_init_heap_1                     0x08000175   Thumb Code     0  libinit2.o(.ARM.Collect$$libinit$$0000000A)
    __rt_lib_init_lc_collate_1               0x08000175   Thumb Code     0  libinit2.o(.ARM.Collect$$libinit$$00000011)
    __rt_lib_init_lc_ctype_1                 0x08000175   Thumb Code     0  libinit2.o(.ARM.Collect$$libinit$$00000013)
    __rt_lib_init_lc_monetary_1              0x08000175   Thumb Code     0  libinit2.o(.ARM.Collect$$libinit$$00000015)
    __rt_lib_init_lc_numeric_1               0x08000175   Thumb Code     0  libinit2.o(.ARM.Collect$$libinit$$00000017)
    __rt_lib_init_lc_time_1                  0x08000175   Thumb Code     0  libinit2.o(.ARM.Collect$$libinit$$00000019)
    __rt_lib_init_rand_1                     0x08000175   Thumb Code     0  libinit2.o(.ARM.Collect$$libinit$$0000000E)
    __rt_lib_init_return                     0x08000175   Thumb Code     0  libinit2.o(.ARM.Collect$$libinit$$00000033)
    __rt_lib_init_signal_1                   0x08000175   Thumb Code     0  libinit2.o(.ARM.Collect$$libinit$$0000001D)
    __rt_lib_init_stdio_1                    0x08000175   Thumb Code     0  libinit2.o(.ARM.Collect$$libinit$$00000025)
    __rt_lib_init_user_alloc_1               0x08000175   Thumb Code     0  libinit2.o(.ARM.Collect$$libinit$$0000000C)
    __rt_lib_shutdown                        0x08000177   Thumb Code     0  libshutdown.o(.ARM.Collect$$libshutdown$$00000000)
    __rt_lib_shutdown_cpp_1                  0x08000179   Thumb Code     0  libshutdown2.o(.ARM.Collect$$libshutdown$$00000002)
    __rt_lib_shutdown_fp_trap_1              0x08000179   Thumb Code     0  libshutdown2.o(.ARM.Collect$$libshutdown$$00000007)
    __rt_lib_shutdown_heap_1                 0x08000179   Thumb Code     0  libshutdown2.o(.ARM.Collect$$libshutdown$$0000000F)
    __rt_lib_shutdown_return                 0x08000179   Thumb Code     0  libshutdown2.o(.ARM.Collect$$libshutdown$$00000010)
    __rt_lib_shutdown_signal_1               0x08000179   Thumb Code     0  libshutdown2.o(.ARM.Collect$$libshutdown$$0000000A)
    __rt_lib_shutdown_stdio_1                0x08000179   Thumb Code     0  libshutdown2.o(.ARM.Collect$$libshutdown$$00000004)
    __rt_lib_shutdown_user_alloc_1           0x08000179   Thumb Code     0  libshutdown2.o(.ARM.Collect$$libshutdown$$0000000C)
    __rt_entry                               0x0800017b   Thumb Code     0  __rtentry.o(.ARM.Collect$$rtentry$$00000000)
    __rt_entry_presh_1                       0x0800017b   Thumb Code     0  __rtentry2.o(.ARM.Collect$$rtentry$$00000002)
    __rt_entry_sh                            0x0800017b   Thumb Code     0  __rtentry4.o(.ARM.Collect$$rtentry$$00000004)
    __rt_entry_li                            0x08000181   Thumb Code     0  __rtentry2.o(.ARM.Collect$$rtentry$$0000000A)
    __rt_entry_postsh_1                      0x08000181   Thumb Code     0  __rtentry2.o(.ARM.Collect$$rtentry$$00000009)
    __rt_entry_main                          0x08000185   Thumb Code     0  __rtentry2.o(.ARM.Collect$$rtentry$$0000000D)
    __rt_entry_postli_1                      0x08000185   Thumb Code     0  __rtentry2.o(.ARM.Collect$$rtentry$$0000000C)
    __rt_exit                                0x0800018d   Thumb Code     0  rtexit.o(.ARM.Collect$$rtexit$$00000000)
    __rt_exit_ls                             0x0800018f   Thumb Code     0  rtexit2.o(.ARM.Collect$$rtexit$$00000003)
    __rt_exit_prels_1                        0x0800018f   Thumb Code     0  rtexit2.o(.ARM.Collect$$rtexit$$00000002)
    __rt_exit_exit                           0x08000193   Thumb Code     0  rtexit2.o(.ARM.Collect$$rtexit$$00000004)
    SVC_Handler                              0x08000199   Thumb Code    32  port.o(.emb_text)
    __asm___6_port_c_39a90d8d__prvStartFirstTask 0x080001bd   Thumb Code    28  port.o(.emb_text)
    PendSV_Handler                           0x080001dd   Thumb Code    72  port.o(.emb_text)
    vPortGetIPSR                             0x08000229   Thumb Code     6  port.o(.emb_text)
    Reset_Handler                            0x08000231   Thumb Code     8  startup_stm32f103xb.o(.text)
    _maybe_terminate_alloc                   0x08000231   Thumb Code     0  maybetermalloc1.o(.emb_text)
    ADC1_2_IRQHandler                        0x0800024b   Thumb Code     0  startup_stm32f103xb.o(.text)
    CAN1_RX1_IRQHandler                      0x0800024b   Thumb Code     0  startup_stm32f103xb.o(.text)
    CAN1_SCE_IRQHandler                      0x0800024b   Thumb Code     0  startup_stm32f103xb.o(.text)
    DMA1_Channel1_IRQHandler                 0x0800024b   Thumb Code     0  startup_stm32f103xb.o(.text)
    DMA1_Channel2_IRQHandler                 0x0800024b   Thumb Code     0  startup_stm32f103xb.o(.text)
    DMA1_Channel3_IRQHandler                 0x0800024b   Thumb Code     0  startup_stm32f103xb.o(.text)
    DMA1_Channel4_IRQHandler                 0x0800024b   Thumb Code     0  startup_stm32f103xb.o(.text)
    DMA1_Channel5_IRQHandler                 0x0800024b   Thumb Code     0  startup_stm32f103xb.o(.text)
    DMA1_Channel6_IRQHandler                 0x0800024b   Thumb Code     0  startup_stm32f103xb.o(.text)
    DMA1_Channel7_IRQHandler                 0x0800024b   Thumb Code     0  startup_stm32f103xb.o(.text)
    EXTI0_IRQHandler                         0x0800024b   Thumb Code     0  startup_stm32f103xb.o(.text)
    EXTI15_10_IRQHandler                     0x0800024b   Thumb Code     0  startup_stm32f103xb.o(.text)
    EXTI1_IRQHandler                         0x0800024b   Thumb Code     0  startup_stm32f103xb.o(.text)
    EXTI2_IRQHandler                         0x0800024b   Thumb Code     0  startup_stm32f103xb.o(.text)
    EXTI3_IRQHandler                         0x0800024b   Thumb Code     0  startup_stm32f103xb.o(.text)
    EXTI4_IRQHandler                         0x0800024b   Thumb Code     0  startup_stm32f103xb.o(.text)
    EXTI9_5_IRQHandler                       0x0800024b   Thumb Code     0  startup_stm32f103xb.o(.text)
    FLASH_IRQHandler                         0x0800024b   Thumb Code     0  startup_stm32f103xb.o(.text)
    I2C1_ER_IRQHandler                       0x0800024b   Thumb Code     0  startup_stm32f103xb.o(.text)
    I2C1_EV_IRQHandler                       0x0800024b   Thumb Code     0  startup_stm32f103xb.o(.text)
    I2C2_ER_IRQHandler                       0x0800024b   Thumb Code     0  startup_stm32f103xb.o(.text)
    I2C2_EV_IRQHandler                       0x0800024b   Thumb Code     0  startup_stm32f103xb.o(.text)
    PVD_IRQHandler                           0x0800024b   Thumb Code     0  startup_stm32f103xb.o(.text)
    RCC_IRQHandler                           0x0800024b   Thumb Code     0  startup_stm32f103xb.o(.text)
    RTC_Alarm_IRQHandler                     0x0800024b   Thumb Code     0  startup_stm32f103xb.o(.text)
    RTC_IRQHandler                           0x0800024b   Thumb Code     0  startup_stm32f103xb.o(.text)
    SPI2_IRQHandler                          0x0800024b   Thumb Code     0  startup_stm32f103xb.o(.text)
    TAMPER_IRQHandler                        0x0800024b   Thumb Code     0  startup_stm32f103xb.o(.text)
    TIM1_BRK_IRQHandler                      0x0800024b   Thumb Code     0  startup_stm32f103xb.o(.text)
    TIM1_CC_IRQHandler                       0x0800024b   Thumb Code     0  startup_stm32f103xb.o(.text)
    TIM1_TRG_COM_IRQHandler                  0x0800024b   Thumb Code     0  startup_stm32f103xb.o(.text)
    TIM1_UP_IRQHandler                       0x0800024b   Thumb Code     0  startup_stm32f103xb.o(.text)
    TIM2_IRQHandler                          0x0800024b   Thumb Code     0  startup_stm32f103xb.o(.text)
    TIM3_IRQHandler                          0x0800024b   Thumb Code     0  startup_stm32f103xb.o(.text)
    USART2_IRQHandler                        0x0800024b   Thumb Code     0  startup_stm32f103xb.o(.text)
    USART3_IRQHandler                        0x0800024b   Thumb Code     0  startup_stm32f103xb.o(.text)
    USBWakeUp_IRQHandler                     0x0800024b   Thumb Code     0  startup_stm32f103xb.o(.text)
    USB_HP_CAN1_TX_IRQHandler                0x0800024b   Thumb Code     0  startup_stm32f103xb.o(.text)
    USB_LP_CAN1_RX0_IRQHandler               0x0800024b   Thumb Code     0  startup_stm32f103xb.o(.text)
    WWDG_IRQHandler                          0x0800024b   Thumb Code     0  startup_stm32f103xb.o(.text)
    __user_initial_stackheap                 0x0800024d   Thumb Code     0  startup_stm32f103xb.o(.text)
    malloc                                   0x08000271   Thumb Code    94  h1_alloc.o(.text)
    free                                     0x080002cf   Thumb Code    78  h1_free.o(.text)
    __2snprintf                              0x0800031d   Thumb Code    50  __2snprintf.o(.text)
    _printf_int_dec                          0x08000355   Thumb Code   104  _printf_dec.o(.text)
    __printf                                 0x080003cd   Thumb Code   308  __printf_flags_wp.o(.text)
    strlen                                   0x08000505   Thumb Code    62  strlen.o(.text)
    __aeabi_memcpy                           0x08000543   Thumb Code     0  rt_memcpy_v6.o(.text)
    __rt_memcpy                              0x08000543   Thumb Code   138  rt_memcpy_v6.o(.text)
    _memcpy_lastbytes                        0x080005a9   Thumb Code     0  rt_memcpy_v6.o(.text)
    __aeabi_memset                           0x080005cd   Thumb Code    16  aeabi_memset.o(.text)
    __aeabi_memclr4                          0x080005dd   Thumb Code     0  rt_memclr_w.o(.text)
    __aeabi_memclr8                          0x080005dd   Thumb Code     0  rt_memclr_w.o(.text)
    __rt_memclr_w                            0x080005dd   Thumb Code    78  rt_memclr_w.o(.text)
    _memset_w                                0x080005e1   Thumb Code     0  rt_memclr_w.o(.text)
    __use_two_region_memory                  0x0800062b   Thumb Code     2  heapauxi.o(.text)
    __rt_heap_escrow                         0x0800062d   Thumb Code     2  heapauxi.o(.text)
    __rt_heap_expand                         0x0800062f   Thumb Code     2  heapauxi.o(.text)
    __rt_heap_descriptor                     0x08000631   Thumb Code     8  rt_heap_descriptor_intlibspace.o(.text)
    __use_no_heap                            0x08000639   Thumb Code     2  hguard.o(.text)
    __heap$guard                             0x0800063b   Thumb Code     2  hguard.o(.text)
    _terminate_user_alloc                    0x0800063d   Thumb Code     2  init_alloc.o(.text)
    _init_user_alloc                         0x0800063f   Thumb Code     2  init_alloc.o(.text)
    __Heap_Full                              0x08000641   Thumb Code    34  init_alloc.o(.text)
    __Heap_Broken                            0x08000663   Thumb Code     6  init_alloc.o(.text)
    _init_alloc                              0x08000669   Thumb Code    94  init_alloc.o(.text)
    __Heap_Initialize                        0x080006c7   Thumb Code    10  h1_init.o(.text)
    __Heap_DescSize                          0x080006d1   Thumb Code     4  h1_init.o(.text)
    _printf_int_common                       0x080006d5   Thumb Code   178  _printf_intcommon.o(.text)
    _printf_char_common                      0x08000793   Thumb Code    32  _printf_char_common.o(.text)
    _sputc                                   0x080007b9   Thumb Code    10  _sputc.o(.text)
    _snputc                                  0x080007c3   Thumb Code    16  _snputc.o(.text)
    __aeabi_memcpy4                          0x080007d3   Thumb Code     0  rt_memcpy_w.o(.text)
    __aeabi_memcpy8                          0x080007d3   Thumb Code     0  rt_memcpy_w.o(.text)
    __rt_memcpy_w                            0x080007d3   Thumb Code   100  rt_memcpy_w.o(.text)
    _memcpy_lastbytes_aligned                0x0800081b   Thumb Code     0  rt_memcpy_w.o(.text)
    __aeabi_memclr                           0x08000837   Thumb Code     0  rt_memclr.o(.text)
    __rt_memclr                              0x08000837   Thumb Code    68  rt_memclr.o(.text)
    _memset                                  0x0800083b   Thumb Code     0  rt_memclr.o(.text)
    __user_libspace                          0x0800087d   Thumb Code     8  libspace.o(.text)
    __user_perproc_libspace                  0x0800087d   Thumb Code     0  libspace.o(.text)
    __user_perthread_libspace                0x0800087d   Thumb Code     0  libspace.o(.text)
    __Heap_ProvideMemory                     0x08000885   Thumb Code    52  h1_extend.o(.text)
    __rt_SIGRTMEM                            0x080008b9   Thumb Code    14  defsig_rtmem_outer.o(.text)
    __I$use$semihosting                      0x080008c7   Thumb Code     0  use_no_semi.o(.text)
    __use_no_semihosting_swi                 0x080008c7   Thumb Code     2  use_no_semi.o(.text)
    __semihosting_library_function           0x080008c9   Thumb Code     0  indicate_semi.o(.text)
    __user_setup_stackheap                   0x080008c9   Thumb Code    74  sys_stackheap_outer.o(.text)
    exit                                     0x08000913   Thumb Code    18  exit.o(.text)
    __sig_exit                               0x08000925   Thumb Code    10  defsig_exit.o(.text)
    __rt_SIGRTMEM_inner                      0x08000931   Thumb Code    22  defsig_rtmem_inner.o(.text)
    _sys_exit                                0x08000981   Thumb Code     8  sys_exit.o(.text)
    __default_signal_display                 0x0800098d   Thumb Code    50  defsig_general.o(.text)
    _ttywrch                                 0x080009bf   Thumb Code    14  sys_wrch.o(.text)
    BusFault_Handler                         0x080009cd   Thumb Code     2  stm32f1xx_it.o(i.BusFault_Handler)
    CRC16_CCITT                              0x080009d1   Thumb Code   110  freertos.o(i.CRC16_CCITT)
    DebugMon_Handler                         0x08000aef   Thumb Code     2  stm32f1xx_it.o(i.DebugMon_Handler)
    Error_Handler                            0x08000af1   Thumb Code     4  main.o(i.Error_Handler)
    HAL_DMA_Abort                            0x08000af5   Thumb Code    70  stm32f1xx_hal_dma.o(i.HAL_DMA_Abort)
    HAL_DMA_Abort_IT                         0x08000b3d   Thumb Code   148  stm32f1xx_hal_dma.o(i.HAL_DMA_Abort_IT)
    HAL_DMA_Start_IT                         0x08000bd5   Thumb Code   112  stm32f1xx_hal_dma.o(i.HAL_DMA_Start_IT)
    HAL_GPIO_Init                            0x08000c45   Thumb Code   446  stm32f1xx_hal_gpio.o(i.HAL_GPIO_Init)
    HAL_GPIO_WritePin                        0x08000e25   Thumb Code    10  stm32f1xx_hal_gpio.o(i.HAL_GPIO_WritePin)
    HAL_GetTick                              0x08000e31   Thumb Code     6  stm32f1xx_hal.o(i.HAL_GetTick)
    HAL_IncTick                              0x08000e3d   Thumb Code    12  stm32f1xx_hal.o(i.HAL_IncTick)
    HAL_Init                                 0x08000e4d   Thumb Code    32  stm32f1xx_hal.o(i.HAL_Init)
    HAL_InitTick                             0x08000e71   Thumb Code   132  stm32f1xx_hal_timebase_tim.o(i.HAL_InitTick)
    HAL_MspInit                              0x08000f09   Thumb Code    62  stm32f1xx_hal_msp.o(i.HAL_MspInit)
    HAL_NVIC_EnableIRQ                       0x08000f51   Thumb Code    26  stm32f1xx_hal_cortex.o(i.HAL_NVIC_EnableIRQ)
    HAL_NVIC_SetPriority                     0x08000f6d   Thumb Code    60  stm32f1xx_hal_cortex.o(i.HAL_NVIC_SetPriority)
    HAL_NVIC_SetPriorityGrouping             0x08000fad   Thumb Code    18  stm32f1xx_hal_cortex.o(i.HAL_NVIC_SetPriorityGrouping)
    HAL_RCC_ClockConfig                      0x08000fc9   Thumb Code   280  stm32f1xx_hal_rcc.o(i.HAL_RCC_ClockConfig)
    HAL_RCC_GetClockConfig                   0x080010f5   Thumb Code    54  stm32f1xx_hal_rcc.o(i.HAL_RCC_GetClockConfig)
    HAL_RCC_GetPCLK1Freq                     0x08001135   Thumb Code    20  stm32f1xx_hal_rcc.o(i.HAL_RCC_GetPCLK1Freq)
    HAL_RCC_GetPCLK2Freq                     0x08001155   Thumb Code    20  stm32f1xx_hal_rcc.o(i.HAL_RCC_GetPCLK2Freq)
    HAL_RCC_GetSysClockFreq                  0x08001175   Thumb Code    58  stm32f1xx_hal_rcc.o(i.HAL_RCC_GetSysClockFreq)
    HAL_RCC_OscConfig                        0x080011c1   Thumb Code   778  stm32f1xx_hal_rcc.o(i.HAL_RCC_OscConfig)
    HAL_SPI_ErrorCallback                    0x080014e1   Thumb Code     2  stm32f1xx_hal_spi.o(i.HAL_SPI_ErrorCallback)
    HAL_SPI_IRQHandler                       0x080014e5   Thumb Code   220  stm32f1xx_hal_spi.o(i.HAL_SPI_IRQHandler)
    HAL_SPI_Init                             0x080015c5   Thumb Code   178  stm32f1xx_hal_spi.o(i.HAL_SPI_Init)
    HAL_SPI_MspInit                          0x08001679   Thumb Code    96  spi.o(i.HAL_SPI_MspInit)
    HAL_SPI_Transmit                         0x080016e5   Thumb Code   358  stm32f1xx_hal_spi.o(i.HAL_SPI_Transmit)
    HAL_SPI_Transmit_DMA                     0x0800184d   Thumb Code   190  stm32f1xx_hal_spi.o(i.HAL_SPI_Transmit_DMA)
    HAL_SPI_TxCpltCallback                   0x08001919   Thumb Code     2  stm32f1xx_hal_spi.o(i.HAL_SPI_TxCpltCallback)
    HAL_SPI_TxHalfCpltCallback               0x0800191b   Thumb Code     2  stm32f1xx_hal_spi.o(i.HAL_SPI_TxHalfCpltCallback)
    HAL_TIMEx_BreakCallback                  0x0800191d   Thumb Code     2  stm32f1xx_hal_tim_ex.o(i.HAL_TIMEx_BreakCallback)
    HAL_TIMEx_CommutCallback                 0x0800191f   Thumb Code     2  stm32f1xx_hal_tim_ex.o(i.HAL_TIMEx_CommutCallback)
    HAL_TIM_Base_Init                        0x08001921   Thumb Code    90  stm32f1xx_hal_tim.o(i.HAL_TIM_Base_Init)
    HAL_TIM_Base_MspInit                     0x0800197b   Thumb Code     2  stm32f1xx_hal_tim.o(i.HAL_TIM_Base_MspInit)
    HAL_TIM_Base_Start_IT                    0x0800197d   Thumb Code    76  stm32f1xx_hal_tim.o(i.HAL_TIM_Base_Start_IT)
    HAL_TIM_IC_CaptureCallback               0x080019d5   Thumb Code     2  stm32f1xx_hal_tim.o(i.HAL_TIM_IC_CaptureCallback)
    HAL_TIM_IRQHandler                       0x080019d7   Thumb Code   304  stm32f1xx_hal_tim.o(i.HAL_TIM_IRQHandler)
    HAL_TIM_OC_DelayElapsedCallback          0x08001b07   Thumb Code     2  stm32f1xx_hal_tim.o(i.HAL_TIM_OC_DelayElapsedCallback)
    HAL_TIM_PWM_PulseFinishedCallback        0x08001b09   Thumb Code     2  stm32f1xx_hal_tim.o(i.HAL_TIM_PWM_PulseFinishedCallback)
    HAL_TIM_PeriodElapsedCallback            0x08001b0d   Thumb Code    14  main.o(i.HAL_TIM_PeriodElapsedCallback)
    HAL_TIM_TriggerCallback                  0x08001b21   Thumb Code     2  stm32f1xx_hal_tim.o(i.HAL_TIM_TriggerCallback)
    HAL_UARTEx_RxEventCallback               0x08001b23   Thumb Code     2  stm32f1xx_hal_uart.o(i.HAL_UARTEx_RxEventCallback)
    HAL_UART_ErrorCallback                   0x08001b25   Thumb Code     2  stm32f1xx_hal_uart.o(i.HAL_UART_ErrorCallback)
    HAL_UART_IRQHandler                      0x08001b29   Thumb Code   616  stm32f1xx_hal_uart.o(i.HAL_UART_IRQHandler)
    HAL_UART_Init                            0x08001d95   Thumb Code   100  stm32f1xx_hal_uart.o(i.HAL_UART_Init)
    HAL_UART_MspInit                         0x08001df9   Thumb Code   116  usart.o(i.HAL_UART_MspInit)
    HAL_UART_Receive_IT                      0x08001e79   Thumb Code    28  stm32f1xx_hal_uart.o(i.HAL_UART_Receive_IT)
    HAL_UART_RxCpltCallback                  0x08001e95   Thumb Code    50  freertos.o(i.HAL_UART_RxCpltCallback)
    HAL_UART_Transmit                        0x08001ed9   Thumb Code   160  stm32f1xx_hal_uart.o(i.HAL_UART_Transmit)
    HAL_UART_TxCpltCallback                  0x08001f79   Thumb Code     2  stm32f1xx_hal_uart.o(i.HAL_UART_TxCpltCallback)
    HardFault_Handler                        0x08001f7b   Thumb Code     2  stm32f1xx_it.o(i.HardFault_Handler)
    InvertUint16                             0x08001f7d   Thumb Code    42  freertos.o(i.InvertUint16)
    InvertUint8                              0x08001fa9   Thumb Code    42  freertos.o(i.InvertUint8)
    MX_FREERTOS_Init                         0x08001fd5   Thumb Code   144  freertos.o(i.MX_FREERTOS_Init)
    MX_GPIO_Init                             0x080020c9   Thumb Code   102  gpio.o(i.MX_GPIO_Init)
    MX_SPI1_Init                             0x08002139   Thumb Code    62  spi.o(i.MX_SPI1_Init)
    MX_USART1_UART_Init                      0x08002181   Thumb Code    48  usart.o(i.MX_USART1_UART_Init)
    MemManage_Handler                        0x080021b9   Thumb Code     2  stm32f1xx_it.o(i.MemManage_Handler)
    NMI_Handler                              0x080021bb   Thumb Code     2  stm32f1xx_it.o(i.NMI_Handler)
    SPI1_IRQHandler                          0x080021bd   Thumb Code     6  stm32f1xx_it.o(i.SPI1_IRQHandler)
    SetWSColor                               0x08002355   Thumb Code    12  ws2812frame.o(i.SetWSColor)
    SysTick_Handler                          0x08002361   Thumb Code    26  cmsis_os2.o(i.SysTick_Handler)
    SystemClock_Config                       0x0800237b   Thumb Code    92  main.o(i.SystemClock_Config)
    SystemInit                               0x080023d7   Thumb Code     2  system_stm32f1xx_1.o(i.SystemInit)
    TIM4_IRQHandler                          0x080023d9   Thumb Code     6  stm32f1xx_it.o(i.TIM4_IRQHandler)
    TIM_Base_SetConfig                       0x080023e5   Thumb Code   108  stm32f1xx_hal_tim.o(i.TIM_Base_SetConfig)
    UART_SendIntString                       0x0800257d   Thumb Code    32  usart.o(i.UART_SendIntString)
    UART_SendString                          0x080025a1   Thumb Code    34  usart.o(i.UART_SendString)
    UART_SendUTF8String                      0x080025c3   Thumb Code    30  usart.o(i.UART_SendUTF8String)
    UART_Start_Receive_IT                    0x08002699   Thumb Code    54  stm32f1xx_hal_uart.o(i.UART_Start_Receive_IT)
    USART1_IRQHandler                        0x08002741   Thumb Code     6  stm32f1xx_it.o(i.USART1_IRQHandler)
    UsageFault_Handler                       0x0800274d   Thumb Code     2  stm32f1xx_it.o(i.UsageFault_Handler)
    WS2812SendMassge                         0x08002751   Thumb Code    10  ws2812frame.o(i.WS2812SendMassge)
    _is_digit                                0x08002781   Thumb Code    14  __printf_wp.o(i._is_digit)
    led_breath_task                          0x08002791   Thumb Code   354  freertos.o(i.led_breath_task)
    led_control_task                         0x0800291d   Thumb Code   188  freertos.o(i.led_control_task)
    led_puma_task                            0x08002a01   Thumb Code   236  freertos.o(i.led_puma_task)
    led_stream_task                          0x08002b15   Thumb Code   288  freertos.o(i.led_stream_task)
    main                                     0x08002c5d   Thumb Code    34  main.o(i.main)
    multiplyLastTwoHexPairs                  0x08002c7f   Thumb Code    14  freertos.o(i.multiplyLastTwoHexPairs)
    osKernelInitialize                       0x08002c8d   Thumb Code    32  cmsis_os2.o(i.osKernelInitialize)
    osKernelStart                            0x08002cb1   Thumb Code    48  cmsis_os2.o(i.osKernelStart)
    pvPortMalloc                             0x08003525   Thumb Code   216  heap_4.o(i.pvPortMalloc)
    pvTaskIncrementMutexHeldCount            0x08003601   Thumb Code    18  tasks.o(i.pvTaskIncrementMutexHeldCount)
    pxPortInitialiseStack                    0x08003619   Thumb Code    32  port.o(i.pxPortInitialiseStack)
    releasespi                               0x0800363d   Thumb Code    14  freertos.o(i.releasespi)
    releaseuart                              0x08003651   Thumb Code    14  freertos.o(i.releaseuart)
    spitask                                  0x08003665   Thumb Code   346  freertos.o(i.spitask)
    uxListRemove                             0x08003809   Thumb Code    38  list.o(i.uxListRemove)
    uxTaskResetEventItemValue                0x08003831   Thumb Code    20  tasks.o(i.uxTaskResetEventItemValue)
    vApplicationGetIdleTaskMemory            0x08003849   Thumb Code    16  cmsis_os2.o(i.vApplicationGetIdleTaskMemory)
    vApplicationGetTimerTaskMemory           0x0800385d   Thumb Code    18  cmsis_os2.o(i.vApplicationGetTimerTaskMemory)
    vListInitialise                          0x08003875   Thumb Code    22  list.o(i.vListInitialise)
    vListInitialiseItem                      0x0800388b   Thumb Code     6  list.o(i.vListInitialiseItem)
    vListInsert                              0x08003891   Thumb Code    48  list.o(i.vListInsert)
    vListInsertEnd                           0x080038c1   Thumb Code    24  list.o(i.vListInsertEnd)
    vPortEnterCritical                       0x080038d9   Thumb Code    54  port.o(i.vPortEnterCritical)
    vPortExitCritical                        0x08003919   Thumb Code    34  port.o(i.vPortExitCritical)
    vPortFree                                0x08003941   Thumb Code    94  heap_4.o(i.vPortFree)
    vPortSetupTimerInterrupt                 0x080039a5   Thumb Code    32  port.o(i.vPortSetupTimerInterrupt)
    vPortValidateInterruptPriority           0x080039c9   Thumb Code    74  port.o(i.vPortValidateInterruptPriority)
    vQueueAddToRegistry                      0x08003a1d   Thumb Code    34  queue.o(i.vQueueAddToRegistry)
    vQueueWaitForMessageRestricted           0x08003a45   Thumb Code    68  queue.o(i.vQueueWaitForMessageRestricted)
    vTaskDelay                               0x08003a89   Thumb Code    66  tasks.o(i.vTaskDelay)
    vTaskInternalSetTimeOutState             0x08003ad5   Thumb Code    12  tasks.o(i.vTaskInternalSetTimeOutState)
    vTaskMissedYield                         0x08003ae5   Thumb Code     8  tasks.o(i.vTaskMissedYield)
    vTaskPlaceOnEventList                    0x08003af1   Thumb Code    44  tasks.o(i.vTaskPlaceOnEventList)
    vTaskPlaceOnEventListRestricted          0x08003b21   Thumb Code    52  tasks.o(i.vTaskPlaceOnEventListRestricted)
    vTaskPlaceOnUnorderedEventList           0x08003b59   Thumb Code    76  tasks.o(i.vTaskPlaceOnUnorderedEventList)
    vTaskPriorityDisinheritAfterTimeout      0x08003ba9   Thumb Code   134  tasks.o(i.vTaskPriorityDisinheritAfterTimeout)
    vTaskRemoveFromUnorderedEventList        0x08003c39   Thumb Code   102  tasks.o(i.vTaskRemoveFromUnorderedEventList)
    vTaskStartScheduler                      0x08003ca9   Thumb Code   118  tasks.o(i.vTaskStartScheduler)
    vTaskSuspendAll                          0x08003d31   Thumb Code    10  tasks.o(i.vTaskSuspendAll)
    vTaskSwitchContext                       0x08003d41   Thumb Code    90  tasks.o(i.vTaskSwitchContext)
    waitspi                                  0x08003da5   Thumb Code    12  freertos.o(i.waitspi)
    waituart                                 0x08003db5   Thumb Code    12  freertos.o(i.waituart)
    xEventGroupCreate                        0x08003dc5   Thumb Code    28  event_groups.o(i.xEventGroupCreate)
    xEventGroupSetBits                       0x08003de1   Thumb Code   140  event_groups.o(i.xEventGroupSetBits)
    xEventGroupWaitBits                      0x08003e6d   Thumb Code   260  event_groups.o(i.xEventGroupWaitBits)
    xPortStartScheduler                      0x08003f75   Thumb Code   154  port.o(i.xPortStartScheduler)
    xPortSysTickHandler                      0x0800401d   Thumb Code    38  port.o(i.xPortSysTickHandler)
    xQueueCreateMutex                        0x08004049   Thumb Code    22  queue.o(i.xQueueCreateMutex)
    xQueueGenericCreate                      0x0800405f   Thumb Code    66  queue.o(i.xQueueGenericCreate)
    xQueueGenericCreateStatic                0x080040a1   Thumb Code   102  queue.o(i.xQueueGenericCreateStatic)
    xQueueGenericReset                       0x08004109   Thumb Code   132  queue.o(i.xQueueGenericReset)
    xQueueGenericSend                        0x08004191   Thumb Code   372  queue.o(i.xQueueGenericSend)
    xQueueGenericSendFromISR                 0x08004309   Thumb Code   214  queue.o(i.xQueueGenericSendFromISR)
    xQueueReceive                            0x080043e1   Thumb Code   308  queue.o(i.xQueueReceive)
    xQueueSemaphoreTake                      0x08004519   Thumb Code   372  queue.o(i.xQueueSemaphoreTake)
    xTaskCheckForTimeOut                     0x08004691   Thumb Code   112  tasks.o(i.xTaskCheckForTimeOut)
    xTaskCreate                              0x08004705   Thumb Code    90  tasks.o(i.xTaskCreate)
    xTaskCreateStatic                        0x0800475f   Thumb Code    86  tasks.o(i.xTaskCreateStatic)
    xTaskGetSchedulerState                   0x080047b5   Thumb Code    22  tasks.o(i.xTaskGetSchedulerState)
    xTaskGetTickCount                        0x080047d1   Thumb Code     6  tasks.o(i.xTaskGetTickCount)
    xTaskIncrementTick                       0x080047dd   Thumb Code   192  tasks.o(i.xTaskIncrementTick)
    xTaskPriorityDisinherit                  0x080048a5   Thumb Code   118  tasks.o(i.xTaskPriorityDisinherit)
    xTaskPriorityInherit                     0x08004925   Thumb Code   112  tasks.o(i.xTaskPriorityInherit)
    xTaskRemoveFromEventList                 0x0800499d   Thumb Code    98  tasks.o(i.xTaskRemoveFromEventList)
    xTaskResumeAll                           0x08004a0d   Thumb Code   182  tasks.o(i.xTaskResumeAll)
    xTimerCreateTimerTask                    0x08004ad1   Thumb Code    78  timers.o(i.xTimerCreateTimerTask)
    xTimerGenericCommand                     0x08004b31   Thumb Code    98  timers.o(i.xTimerGenericCommand)
    AHBPrescTable                            0x08004bd4   Data          16  system_stm32f1xx_1.o(.constdata)
    APBPrescTable                            0x08004be4   Data           8  system_stm32f1xx_1.o(.constdata)
    Region$$Table$$Base                      0x08004c44   Number         0  anon$$obj.o(Region$$Table)
    Region$$Table$$Limit                     0x08004c64   Number         0  anon$$obj.o(Region$$Table)
    breath_whileflag                         0x20000000   Data           1  freertos.o(.data)
    puma_whileflag                           0x20000001   Data           1  freertos.o(.data)
    stream_whileflag                         0x20000002   Data           1  freertos.o(.data)
    crc_temple                               0x20000004   Data           2  freertos.o(.data)
    model1                                   0x20000008   Data           4  freertos.o(.data)
    model2                                   0x2000000c   Data           4  freertos.o(.data)
    model3                                   0x20000010   Data           4  freertos.o(.data)
    model4                                   0x20000014   Data           4  freertos.o(.data)
    rxSize                                   0x20000018   Data           4  freertos.o(.data)
    mySPItaskhandler                         0x2000001c   Data           4  freertos.o(.data)
    myledcontroltaskhandler                  0x20000020   Data           4  freertos.o(.data)
    myledbreathtaskhandler                   0x20000024   Data           4  freertos.o(.data)
    myledstreamtaskhandler                   0x20000028   Data           4  freertos.o(.data)
    myledpumataskhandler                     0x2000002c   Data           4  freertos.o(.data)
    myqueueforled                            0x20000030   Data           4  freertos.o(.data)
    my_UART_mutex                            0x20000034   Data           4  freertos.o(.data)
    my_SPI_mutex                             0x20000038   Data           4  freertos.o(.data)
    myledeventgroup                          0x2000003c   Data           4  freertos.o(.data)
    sum                                      0x20000040   Data           4  freertos.o(.data)
    SystemCoreClock                          0x20000044   Data           4  system_stm32f1xx_1.o(.data)
    uwTickFreq                               0x20000048   Data           1  stm32f1xx_hal.o(.data)
    uwTickPrio                               0x2000004c   Data           4  stm32f1xx_hal.o(.data)
    uwTick                                   0x20000050   Data           4  stm32f1xx_hal.o(.data)
    pxCurrentTCB                             0x20000054   Data           4  tasks.o(.data)
    rxData                                   0x200000d4   Data          18  freertos.o(.bss)
    txData                                   0x200000e6   Data          18  freertos.o(.bss)
    crc                                      0x2000010a   Data          10  freertos.o(.bss)
    hspi1                                    0x20000114   Data          88  spi.o(.bss)
    huart1                                   0x2000016c   Data          72  usart.o(.bss)
    htim4                                    0x200001b4   Data          72  stm32f1xx_hal_timebase_tim.o(.bss)
    xQueueRegistry                           0x200001fc   Data          64  queue.o(.bss)
    __libspace_start                         0x20001ad4   Data          96  libspace.o(.bss)
    __temporary_stack_top$libspace           0x20001b34   Data           0  libspace.o(.bss)



==============================================================================

Memory Map of the image

  Image Entry point : 0x080000ed

  Load Region LR_IROM1 (Base: 0x08000000, Size: 0x00004d38, Max: 0x00010000, ABSOLUTE)

    Execution Region ER_IROM1 (Exec base: 0x08000000, Load base: 0x08000000, Size: 0x00004c64, Max: 0x00010000, ABSOLUTE)

    Exec Addr    Load Addr    Size         Type   Attr      Idx    E Section Name        Object

    0x08000000   0x08000000   0x000000ec   Data   RO            3    RESET               startup_stm32f103xb.o
    0x080000ec   0x080000ec   0x00000008   Code   RO         5338  * !!!main             c_w.l(__main.o)
    0x080000f4   0x080000f4   0x00000034   Code   RO         5554    !!!scatter          c_w.l(__scatter.o)
    0x08000128   0x08000128   0x0000001a   Code   RO         5556    !!handler_copy      c_w.l(__scatter_copy.o)
    0x08000142   0x08000142   0x00000002   PAD
    0x08000144   0x08000144   0x0000001c   Code   RO         5558    !!handler_zi        c_w.l(__scatter_zi.o)
    0x08000160   0x08000160   0x00000000   Code   RO         5325    .ARM.Collect$$_printf_percent$$00000000  c_w.l(_printf_percent.o)
    0x08000160   0x08000160   0x00000006   Code   RO         5324    .ARM.Collect$$_printf_percent$$00000009  c_w.l(_printf_d.o)
    0x08000166   0x08000166   0x00000004   Code   RO         5376    .ARM.Collect$$_printf_percent$$00000017  c_w.l(_printf_percent_end.o)
    0x0800016a   0x0800016a   0x00000002   Code   RO         5493    .ARM.Collect$$libinit$$00000000  c_w.l(libinit.o)
    0x0800016c   0x0800016c   0x00000000   Code   RO         5384    .ARM.Collect$$libinit$$00000002  c_w.l(libinit2.o)
    0x0800016c   0x0800016c   0x00000000   Code   RO         5386    .ARM.Collect$$libinit$$00000004  c_w.l(libinit2.o)
    0x0800016c   0x0800016c   0x00000008   Code   RO         5387    .ARM.Collect$$libinit$$00000005  c_w.l(libinit2.o)
    0x08000174   0x08000174   0x00000000   Code   RO         5389    .ARM.Collect$$libinit$$0000000A  c_w.l(libinit2.o)
    0x08000174   0x08000174   0x00000000   Code   RO         5391    .ARM.Collect$$libinit$$0000000C  c_w.l(libinit2.o)
    0x08000174   0x08000174   0x00000000   Code   RO         5393    .ARM.Collect$$libinit$$0000000E  c_w.l(libinit2.o)
    0x08000174   0x08000174   0x00000000   Code   RO         5396    .ARM.Collect$$libinit$$00000011  c_w.l(libinit2.o)
    0x08000174   0x08000174   0x00000000   Code   RO         5398    .ARM.Collect$$libinit$$00000013  c_w.l(libinit2.o)
    0x08000174   0x08000174   0x00000000   Code   RO         5400    .ARM.Collect$$libinit$$00000015  c_w.l(libinit2.o)
    0x08000174   0x08000174   0x00000000   Code   RO         5402    .ARM.Collect$$libinit$$00000017  c_w.l(libinit2.o)
    0x08000174   0x08000174   0x00000000   Code   RO         5404    .ARM.Collect$$libinit$$00000019  c_w.l(libinit2.o)
    0x08000174   0x08000174   0x00000000   Code   RO         5406    .ARM.Collect$$libinit$$0000001B  c_w.l(libinit2.o)
    0x08000174   0x08000174   0x00000000   Code   RO         5408    .ARM.Collect$$libinit$$0000001D  c_w.l(libinit2.o)
    0x08000174   0x08000174   0x00000000   Code   RO         5410    .ARM.Collect$$libinit$$0000001F  c_w.l(libinit2.o)
    0x08000174   0x08000174   0x00000000   Code   RO         5412    .ARM.Collect$$libinit$$00000021  c_w.l(libinit2.o)
    0x08000174   0x08000174   0x00000000   Code   RO         5414    .ARM.Collect$$libinit$$00000023  c_w.l(libinit2.o)
    0x08000174   0x08000174   0x00000000   Code   RO         5416    .ARM.Collect$$libinit$$00000025  c_w.l(libinit2.o)
    0x08000174   0x08000174   0x00000000   Code   RO         5420    .ARM.Collect$$libinit$$0000002C  c_w.l(libinit2.o)
    0x08000174   0x08000174   0x00000000   Code   RO         5422    .ARM.Collect$$libinit$$0000002E  c_w.l(libinit2.o)
    0x08000174   0x08000174   0x00000000   Code   RO         5424    .ARM.Collect$$libinit$$00000030  c_w.l(libinit2.o)
    0x08000174   0x08000174   0x00000000   Code   RO         5426    .ARM.Collect$$libinit$$00000032  c_w.l(libinit2.o)
    0x08000174   0x08000174   0x00000002   Code   RO         5427    .ARM.Collect$$libinit$$00000033  c_w.l(libinit2.o)
    0x08000176   0x08000176   0x00000002   Code   RO         5551    .ARM.Collect$$libshutdown$$00000000  c_w.l(libshutdown.o)
    0x08000178   0x08000178   0x00000000   Code   RO         5507    .ARM.Collect$$libshutdown$$00000002  c_w.l(libshutdown2.o)
    0x08000178   0x08000178   0x00000000   Code   RO         5509    .ARM.Collect$$libshutdown$$00000004  c_w.l(libshutdown2.o)
    0x08000178   0x08000178   0x00000000   Code   RO         5512    .ARM.Collect$$libshutdown$$00000007  c_w.l(libshutdown2.o)
    0x08000178   0x08000178   0x00000000   Code   RO         5515    .ARM.Collect$$libshutdown$$0000000A  c_w.l(libshutdown2.o)
    0x08000178   0x08000178   0x00000000   Code   RO         5517    .ARM.Collect$$libshutdown$$0000000C  c_w.l(libshutdown2.o)
    0x08000178   0x08000178   0x00000000   Code   RO         5520    .ARM.Collect$$libshutdown$$0000000F  c_w.l(libshutdown2.o)
    0x08000178   0x08000178   0x00000002   Code   RO         5521    .ARM.Collect$$libshutdown$$00000010  c_w.l(libshutdown2.o)
    0x0800017a   0x0800017a   0x00000000   Code   RO         5342    .ARM.Collect$$rtentry$$00000000  c_w.l(__rtentry.o)
    0x0800017a   0x0800017a   0x00000000   Code   RO         5434    .ARM.Collect$$rtentry$$00000002  c_w.l(__rtentry2.o)
    0x0800017a   0x0800017a   0x00000006   Code   RO         5446    .ARM.Collect$$rtentry$$00000004  c_w.l(__rtentry4.o)
    0x08000180   0x08000180   0x00000000   Code   RO         5436    .ARM.Collect$$rtentry$$00000009  c_w.l(__rtentry2.o)
    0x08000180   0x08000180   0x00000004   Code   RO         5437    .ARM.Collect$$rtentry$$0000000A  c_w.l(__rtentry2.o)
    0x08000184   0x08000184   0x00000000   Code   RO         5439    .ARM.Collect$$rtentry$$0000000C  c_w.l(__rtentry2.o)
    0x08000184   0x08000184   0x00000008   Code   RO         5440    .ARM.Collect$$rtentry$$0000000D  c_w.l(__rtentry2.o)
    0x0800018c   0x0800018c   0x00000002   Code   RO         5496    .ARM.Collect$$rtexit$$00000000  c_w.l(rtexit.o)
    0x0800018e   0x0800018e   0x00000000   Code   RO         5525    .ARM.Collect$$rtexit$$00000002  c_w.l(rtexit2.o)
    0x0800018e   0x0800018e   0x00000004   Code   RO         5526    .ARM.Collect$$rtexit$$00000003  c_w.l(rtexit2.o)
    0x08000192   0x08000192   0x00000006   Code   RO         5527    .ARM.Collect$$rtexit$$00000004  c_w.l(rtexit2.o)
    0x08000198   0x08000198   0x00000096   Code   RO         5129    .emb_text           port.o
    0x0800022e   0x0800022e   0x00000002   PAD
    0x08000230   0x08000230   0x00000000   Code   RO         5450    .emb_text           c_w.l(maybetermalloc1.o)
    0x08000230   0x08000230   0x00000040   Code   RO            4    .text               startup_stm32f103xb.o
    0x08000270   0x08000270   0x0000005e   Code   RO         5212    .text               c_w.l(h1_alloc.o)
    0x080002ce   0x080002ce   0x0000004e   Code   RO         5214    .text               c_w.l(h1_free.o)
    0x0800031c   0x0800031c   0x00000038   Code   RO         5272    .text               c_w.l(__2snprintf.o)
    0x08000354   0x08000354   0x00000078   Code   RO         5280    .text               c_w.l(_printf_dec.o)
    0x080003cc   0x080003cc   0x00000138   Code   RO         5315    .text               c_w.l(__printf_flags_wp.o)
    0x08000504   0x08000504   0x0000003e   Code   RO         5326    .text               c_w.l(strlen.o)
    0x08000542   0x08000542   0x0000008a   Code   RO         5328    .text               c_w.l(rt_memcpy_v6.o)
    0x080005cc   0x080005cc   0x00000010   Code   RO         5332    .text               c_w.l(aeabi_memset.o)
    0x080005dc   0x080005dc   0x0000004e   Code   RO         5334    .text               c_w.l(rt_memclr_w.o)
    0x0800062a   0x0800062a   0x00000006   Code   RO         5336    .text               c_w.l(heapauxi.o)
    0x08000630   0x08000630   0x00000008   Code   RO         5346    .text               c_w.l(rt_heap_descriptor_intlibspace.o)
    0x08000638   0x08000638   0x00000004   Code   RO         5348    .text               c_w.l(hguard.o)
    0x0800063c   0x0800063c   0x0000008a   Code   RO         5350    .text               c_w.l(init_alloc.o)
    0x080006c6   0x080006c6   0x0000000e   Code   RO         5354    .text               c_w.l(h1_init.o)
    0x080006d4   0x080006d4   0x000000b2   Code   RO         5368    .text               c_w.l(_printf_intcommon.o)
    0x08000786   0x08000786   0x00000002   PAD
    0x08000788   0x08000788   0x00000030   Code   RO         5370    .text               c_w.l(_printf_char_common.o)
    0x080007b8   0x080007b8   0x0000000a   Code   RO         5372    .text               c_w.l(_sputc.o)
    0x080007c2   0x080007c2   0x00000010   Code   RO         5374    .text               c_w.l(_snputc.o)
    0x080007d2   0x080007d2   0x00000064   Code   RO         5377    .text               c_w.l(rt_memcpy_w.o)
    0x08000836   0x08000836   0x00000044   Code   RO         5379    .text               c_w.l(rt_memclr.o)
    0x0800087a   0x0800087a   0x00000002   PAD
    0x0800087c   0x0800087c   0x00000008   Code   RO         5430    .text               c_w.l(libspace.o)
    0x08000884   0x08000884   0x00000034   Code   RO         5452    .text               c_w.l(h1_extend.o)
    0x080008b8   0x080008b8   0x0000000e   Code   RO         5458    .text               c_w.l(defsig_rtmem_outer.o)
    0x080008c6   0x080008c6   0x00000002   Code   RO         5469    .text               c_w.l(use_no_semi.o)
    0x080008c8   0x080008c8   0x00000000   Code   RO         5471    .text               c_w.l(indicate_semi.o)
    0x080008c8   0x080008c8   0x0000004a   Code   RO         5472    .text               c_w.l(sys_stackheap_outer.o)
    0x08000912   0x08000912   0x00000012   Code   RO         5478    .text               c_w.l(exit.o)
    0x08000924   0x08000924   0x0000000a   Code   RO         5480    .text               c_w.l(defsig_exit.o)
    0x0800092e   0x0800092e   0x00000002   PAD
    0x08000930   0x08000930   0x00000050   Code   RO         5482    .text               c_w.l(defsig_rtmem_inner.o)
    0x08000980   0x08000980   0x0000000c   Code   RO         5494    .text               c_w.l(sys_exit.o)
    0x0800098c   0x0800098c   0x00000032   Code   RO         5504    .text               c_w.l(defsig_general.o)
    0x080009be   0x080009be   0x0000000e   Code   RO         5522    .text               c_w.l(sys_wrch.o)
    0x080009cc   0x080009cc   0x00000002   Code   RO          568    i.BusFault_Handler  stm32f1xx_it.o
    0x080009ce   0x080009ce   0x00000002   PAD
    0x080009d0   0x080009d0   0x0000006e   Code   RO          303    i.CRC16_CCITT       freertos.o
    0x08000a3e   0x08000a3e   0x00000086   Code   RO           15    i.CreatData         ws2812frame.o
    0x08000ac4   0x08000ac4   0x0000002a   Code   RO         1161    i.DMA_SetConfig     stm32f1xx_hal_dma.o
    0x08000aee   0x08000aee   0x00000002   Code   RO          569    i.DebugMon_Handler  stm32f1xx_it.o
    0x08000af0   0x08000af0   0x00000004   Code   RO          197    i.Error_Handler     main.o
    0x08000af4   0x08000af4   0x00000046   Code   RO         1162    i.HAL_DMA_Abort     stm32f1xx_hal_dma.o
    0x08000b3a   0x08000b3a   0x00000002   PAD
    0x08000b3c   0x08000b3c   0x00000098   Code   RO         1163    i.HAL_DMA_Abort_IT  stm32f1xx_hal_dma.o
    0x08000bd4   0x08000bd4   0x00000070   Code   RO         1172    i.HAL_DMA_Start_IT  stm32f1xx_hal_dma.o
    0x08000c44   0x08000c44   0x000001e0   Code   RO         1098    i.HAL_GPIO_Init     stm32f1xx_hal_gpio.o
    0x08000e24   0x08000e24   0x0000000a   Code   RO         1102    i.HAL_GPIO_WritePin  stm32f1xx_hal_gpio.o
    0x08000e2e   0x08000e2e   0x00000002   PAD
    0x08000e30   0x08000e30   0x0000000c   Code   RO          792    i.HAL_GetTick       stm32f1xx_hal.o
    0x08000e3c   0x08000e3c   0x00000010   Code   RO          798    i.HAL_IncTick       stm32f1xx_hal.o
    0x08000e4c   0x08000e4c   0x00000024   Code   RO          799    i.HAL_Init          stm32f1xx_hal.o
    0x08000e70   0x08000e70   0x00000098   Code   RO          668    i.HAL_InitTick      stm32f1xx_hal_timebase_tim.o
    0x08000f08   0x08000f08   0x00000048   Code   RO          644    i.HAL_MspInit       stm32f1xx_hal_msp.o
    0x08000f50   0x08000f50   0x0000001a   Code   RO         1258    i.HAL_NVIC_EnableIRQ  stm32f1xx_hal_cortex.o
    0x08000f6a   0x08000f6a   0x00000002   PAD
    0x08000f6c   0x08000f6c   0x00000040   Code   RO         1264    i.HAL_NVIC_SetPriority  stm32f1xx_hal_cortex.o
    0x08000fac   0x08000fac   0x0000001c   Code   RO         1265    i.HAL_NVIC_SetPriorityGrouping  stm32f1xx_hal_cortex.o
    0x08000fc8   0x08000fc8   0x0000012c   Code   RO          956    i.HAL_RCC_ClockConfig  stm32f1xx_hal_rcc.o
    0x080010f4   0x080010f4   0x00000040   Code   RO          960    i.HAL_RCC_GetClockConfig  stm32f1xx_hal_rcc.o
    0x08001134   0x08001134   0x00000020   Code   RO          963    i.HAL_RCC_GetPCLK1Freq  stm32f1xx_hal_rcc.o
    0x08001154   0x08001154   0x00000020   Code   RO          964    i.HAL_RCC_GetPCLK2Freq  stm32f1xx_hal_rcc.o
    0x08001174   0x08001174   0x0000004c   Code   RO          965    i.HAL_RCC_GetSysClockFreq  stm32f1xx_hal_rcc.o
    0x080011c0   0x080011c0   0x00000320   Code   RO          968    i.HAL_RCC_OscConfig  stm32f1xx_hal_rcc.o
    0x080014e0   0x080014e0   0x00000002   Code   RO         1765    i.HAL_SPI_ErrorCallback  stm32f1xx_hal_spi.o
    0x080014e2   0x080014e2   0x00000002   PAD
    0x080014e4   0x080014e4   0x000000e0   Code   RO         1768    i.HAL_SPI_IRQHandler  stm32f1xx_hal_spi.o
    0x080015c4   0x080015c4   0x000000b2   Code   RO         1769    i.HAL_SPI_Init      stm32f1xx_hal_spi.o
    0x08001676   0x08001676   0x00000002   PAD
    0x08001678   0x08001678   0x0000006c   Code   RO          449    i.HAL_SPI_MspInit   spi.o
    0x080016e4   0x080016e4   0x00000166   Code   RO         1777    i.HAL_SPI_Transmit  stm32f1xx_hal_spi.o
    0x0800184a   0x0800184a   0x00000002   PAD
    0x0800184c   0x0800184c   0x000000cc   Code   RO         1781    i.HAL_SPI_Transmit_DMA  stm32f1xx_hal_spi.o
    0x08001918   0x08001918   0x00000002   Code   RO         1783    i.HAL_SPI_TxCpltCallback  stm32f1xx_hal_spi.o
    0x0800191a   0x0800191a   0x00000002   Code   RO         1784    i.HAL_SPI_TxHalfCpltCallback  stm32f1xx_hal_spi.o
    0x0800191c   0x0800191c   0x00000002   Code   RO         2786    i.HAL_TIMEx_BreakCallback  stm32f1xx_hal_tim_ex.o
    0x0800191e   0x0800191e   0x00000002   Code   RO         2787    i.HAL_TIMEx_CommutCallback  stm32f1xx_hal_tim_ex.o
    0x08001920   0x08001920   0x0000005a   Code   RO         2082    i.HAL_TIM_Base_Init  stm32f1xx_hal_tim.o
    0x0800197a   0x0800197a   0x00000002   Code   RO         2084    i.HAL_TIM_Base_MspInit  stm32f1xx_hal_tim.o
    0x0800197c   0x0800197c   0x00000058   Code   RO         2087    i.HAL_TIM_Base_Start_IT  stm32f1xx_hal_tim.o
    0x080019d4   0x080019d4   0x00000002   Code   RO         2116    i.HAL_TIM_IC_CaptureCallback  stm32f1xx_hal_tim.o
    0x080019d6   0x080019d6   0x00000130   Code   RO         2130    i.HAL_TIM_IRQHandler  stm32f1xx_hal_tim.o
    0x08001b06   0x08001b06   0x00000002   Code   RO         2133    i.HAL_TIM_OC_DelayElapsedCallback  stm32f1xx_hal_tim.o
    0x08001b08   0x08001b08   0x00000002   Code   RO         2160    i.HAL_TIM_PWM_PulseFinishedCallback  stm32f1xx_hal_tim.o
    0x08001b0a   0x08001b0a   0x00000002   PAD
    0x08001b0c   0x08001b0c   0x00000014   Code   RO          198    i.HAL_TIM_PeriodElapsedCallback  main.o
    0x08001b20   0x08001b20   0x00000002   Code   RO         2173    i.HAL_TIM_TriggerCallback  stm32f1xx_hal_tim.o
    0x08001b22   0x08001b22   0x00000002   Code   RO         3065    i.HAL_UARTEx_RxEventCallback  stm32f1xx_hal_uart.o
    0x08001b24   0x08001b24   0x00000002   Code   RO         3079    i.HAL_UART_ErrorCallback  stm32f1xx_hal_uart.o
    0x08001b26   0x08001b26   0x00000002   PAD
    0x08001b28   0x08001b28   0x0000026c   Code   RO         3082    i.HAL_UART_IRQHandler  stm32f1xx_hal_uart.o
    0x08001d94   0x08001d94   0x00000064   Code   RO         3083    i.HAL_UART_Init     stm32f1xx_hal_uart.o
    0x08001df8   0x08001df8   0x00000080   Code   RO          491    i.HAL_UART_MspInit  usart.o
    0x08001e78   0x08001e78   0x0000001c   Code   RO         3088    i.HAL_UART_Receive_IT  stm32f1xx_hal_uart.o
    0x08001e94   0x08001e94   0x00000044   Code   RO          304    i.HAL_UART_RxCpltCallback  freertos.o
    0x08001ed8   0x08001ed8   0x000000a0   Code   RO         3091    i.HAL_UART_Transmit  stm32f1xx_hal_uart.o
    0x08001f78   0x08001f78   0x00000002   Code   RO         3094    i.HAL_UART_TxCpltCallback  stm32f1xx_hal_uart.o
    0x08001f7a   0x08001f7a   0x00000002   Code   RO          570    i.HardFault_Handler  stm32f1xx_it.o
    0x08001f7c   0x08001f7c   0x0000002a   Code   RO          305    i.InvertUint16      freertos.o
    0x08001fa6   0x08001fa6   0x00000002   PAD
    0x08001fa8   0x08001fa8   0x0000002a   Code   RO          306    i.InvertUint8       freertos.o
    0x08001fd2   0x08001fd2   0x00000002   PAD
    0x08001fd4   0x08001fd4   0x000000f4   Code   RO          307    i.MX_FREERTOS_Init  freertos.o
    0x080020c8   0x080020c8   0x00000070   Code   RO          279    i.MX_GPIO_Init      gpio.o
    0x08002138   0x08002138   0x00000048   Code   RO          450    i.MX_SPI1_Init      spi.o
    0x08002180   0x08002180   0x00000038   Code   RO          492    i.MX_USART1_UART_Init  usart.o
    0x080021b8   0x080021b8   0x00000002   Code   RO          571    i.MemManage_Handler  stm32f1xx_it.o
    0x080021ba   0x080021ba   0x00000002   Code   RO          572    i.NMI_Handler       stm32f1xx_it.o
    0x080021bc   0x080021bc   0x0000000c   Code   RO          573    i.SPI1_IRQHandler   stm32f1xx_it.o
    0x080021c8   0x080021c8   0x00000010   Code   RO         1796    i.SPI_DMAAbortOnError  stm32f1xx_hal_spi.o
    0x080021d8   0x080021d8   0x00000022   Code   RO         1797    i.SPI_DMAError      stm32f1xx_hal_spi.o
    0x080021fa   0x080021fa   0x0000000a   Code   RO         1799    i.SPI_DMAHalfTransmitCplt  stm32f1xx_hal_spi.o
    0x08002204   0x08002204   0x00000064   Code   RO         1803    i.SPI_DMATransmitCplt  stm32f1xx_hal_spi.o
    0x08002268   0x08002268   0x00000034   Code   RO         1807    i.SPI_EndRxTxTransaction  stm32f1xx_hal_spi.o
    0x0800229c   0x0800229c   0x000000b8   Code   RO         1812    i.SPI_WaitFlagStateUntilTimeout  stm32f1xx_hal_spi.o
    0x08002354   0x08002354   0x0000000c   Code   RO           16    i.SetWSColor        ws2812frame.o
    0x08002360   0x08002360   0x0000001a   Code   RO         4561    i.SysTick_Handler   cmsis_os2.o
    0x0800237a   0x0800237a   0x0000005c   Code   RO          199    i.SystemClock_Config  main.o
    0x080023d6   0x080023d6   0x00000002   Code   RO          708    i.SystemInit        system_stm32f1xx_1.o
    0x080023d8   0x080023d8   0x0000000c   Code   RO          574    i.TIM4_IRQHandler   stm32f1xx_it.o
    0x080023e4   0x080023e4   0x00000078   Code   RO         2175    i.TIM_Base_SetConfig  stm32f1xx_hal_tim.o
    0x0800245c   0x0800245c   0x00000010   Code   RO         3096    i.UART_DMAAbortOnError  stm32f1xx_hal_uart.o
    0x0800246c   0x0800246c   0x0000004e   Code   RO         3106    i.UART_EndRxTransfer  stm32f1xx_hal_uart.o
    0x080024ba   0x080024ba   0x000000c2   Code   RO         3108    i.UART_Receive_IT   stm32f1xx_hal_uart.o
    0x0800257c   0x0800257c   0x00000024   Code   RO          495    i.UART_SendIntString  usart.o
    0x080025a0   0x080025a0   0x00000022   Code   RO          496    i.UART_SendString   usart.o
    0x080025c2   0x080025c2   0x0000001e   Code   RO          497    i.UART_SendUTF8String  usart.o
    0x080025e0   0x080025e0   0x000000b8   Code   RO         3109    i.UART_SetConfig    stm32f1xx_hal_uart.o
    0x08002698   0x08002698   0x00000036   Code   RO         3111    i.UART_Start_Receive_IT  stm32f1xx_hal_uart.o
    0x080026ce   0x080026ce   0x00000072   Code   RO         3112    i.UART_WaitOnFlagUntilTimeout  stm32f1xx_hal_uart.o
    0x08002740   0x08002740   0x0000000c   Code   RO          575    i.USART1_IRQHandler  stm32f1xx_it.o
    0x0800274c   0x0800274c   0x00000002   Code   RO          576    i.UsageFault_Handler  stm32f1xx_it.o
    0x0800274e   0x0800274e   0x00000002   PAD
    0x08002750   0x08002750   0x00000010   Code   RO           18    i.WS2812SendMassge  ws2812frame.o
    0x08002760   0x08002760   0x00000020   Code   RO         1271    i.__NVIC_SetPriority  stm32f1xx_hal_cortex.o
    0x08002780   0x08002780   0x0000000e   Code   RO         5313    i._is_digit         c_w.l(__printf_wp.o)
    0x0800278e   0x0800278e   0x00000002   PAD
    0x08002790   0x08002790   0x0000018c   Code   RO          309    i.led_breath_task   freertos.o
    0x0800291c   0x0800291c   0x000000e4   Code   RO          310    i.led_control_task  freertos.o
    0x08002a00   0x08002a00   0x00000114   Code   RO          311    i.led_puma_task     freertos.o
    0x08002b14   0x08002b14   0x00000148   Code   RO          312    i.led_stream_task   freertos.o
    0x08002c5c   0x08002c5c   0x00000022   Code   RO          200    i.main              main.o
    0x08002c7e   0x08002c7e   0x0000000e   Code   RO          313    i.multiplyLastTwoHexPairs  freertos.o
    0x08002c8c   0x08002c8c   0x00000024   Code   RO         4577    i.osKernelInitialize  cmsis_os2.o
    0x08002cb0   0x08002cb0   0x00000038   Code   RO         4580    i.osKernelStart     cmsis_os2.o
    0x08002ce8   0x08002ce8   0x0000005c   Code   RO         4022    i.prvAddCurrentTaskToDelayedList  tasks.o
    0x08002d44   0x08002d44   0x000000d0   Code   RO         4023    i.prvAddNewTaskToReadyList  tasks.o
    0x08002e14   0x08002e14   0x00000058   Code   RO         4387    i.prvCheckForValidListAndQueue  timers.o
    0x08002e6c   0x08002e6c   0x00000026   Code   RO         3584    i.prvCopyDataFromQueue  queue.o
    0x08002e92   0x08002e92   0x0000006c   Code   RO         3585    i.prvCopyDataToQueue  queue.o
    0x08002efe   0x08002efe   0x00000034   Code   RO         4024    i.prvDeleteTCB      tasks.o
    0x08002f32   0x08002f32   0x00000002   PAD
    0x08002f34   0x08002f34   0x0000004c   Code   RO         5074    i.prvHeapInit       heap_4.o
    0x08002f80   0x08002f80   0x00000060   Code   RO         4025    i.prvIdleTask       tasks.o
    0x08002fe0   0x08002fe0   0x00000016   Code   RO         3586    i.prvInitialiseMutex  queue.o
    0x08002ff6   0x08002ff6   0x00000002   PAD
    0x08002ff8   0x08002ff8   0x00000026   Code   RO         3587    i.prvInitialiseNewQueue  queue.o
    0x0800301e   0x0800301e   0x00000002   PAD
    0x08003020   0x08003020   0x000000b0   Code   RO         4026    i.prvInitialiseNewTask  tasks.o
    0x080030d0   0x080030d0   0x0000004c   Code   RO         5075    i.prvInsertBlockIntoFreeList  heap_4.o
    0x0800311c   0x0800311c   0x00000038   Code   RO         4389    i.prvInsertTimerInActiveList  timers.o
    0x08003154   0x08003154   0x0000001c   Code   RO         3588    i.prvIsQueueEmpty   queue.o
    0x08003170   0x08003170   0x0000006c   Code   RO         3589    i.prvNotifyQueueSetContainer  queue.o
    0x080031dc   0x080031dc   0x000000fc   Code   RO         4390    i.prvProcessReceivedCommands  timers.o
    0x080032d8   0x080032d8   0x000000c0   Code   RO         4391    i.prvProcessTimerOrBlockTask  timers.o
    0x08003398   0x08003398   0x00000020   Code   RO         4028    i.prvResetNextTaskUnblockTime  tasks.o
    0x080033b8   0x080033b8   0x00000028   Code   RO         4392    i.prvSampleTimeNow  timers.o
    0x080033e0   0x080033e0   0x0000006c   Code   RO         4393    i.prvSwitchTimerLists  timers.o
    0x0800344c   0x0800344c   0x00000028   Code   RO         5130    i.prvTaskExitError  port.o
    0x08003474   0x08003474   0x00000014   Code   RO         3425    i.prvTestWaitCondition  event_groups.o
    0x08003488   0x08003488   0x00000024   Code   RO         4394    i.prvTimerTask      timers.o
    0x080034ac   0x080034ac   0x00000076   Code   RO         3590    i.prvUnlockQueue    queue.o
    0x08003522   0x08003522   0x00000002   PAD
    0x08003524   0x08003524   0x000000dc   Code   RO         5076    i.pvPortMalloc      heap_4.o
    0x08003600   0x08003600   0x00000018   Code   RO         4031    i.pvTaskIncrementMutexHeldCount  tasks.o
    0x08003618   0x08003618   0x00000024   Code   RO         5131    i.pxPortInitialiseStack  port.o
    0x0800363c   0x0800363c   0x00000014   Code   RO          314    i.releasespi        freertos.o
    0x08003650   0x08003650   0x00000014   Code   RO          315    i.releaseuart       freertos.o
    0x08003664   0x08003664   0x000001a4   Code   RO          316    i.spitask           freertos.o
    0x08003808   0x08003808   0x00000026   Code   RO         3544    i.uxListRemove      list.o
    0x0800382e   0x0800382e   0x00000002   PAD
    0x08003830   0x08003830   0x00000018   Code   RO         4040    i.uxTaskResetEventItemValue  tasks.o
    0x08003848   0x08003848   0x00000014   Code   RO         4634    i.vApplicationGetIdleTaskMemory  cmsis_os2.o
    0x0800385c   0x0800385c   0x00000018   Code   RO         4635    i.vApplicationGetTimerTaskMemory  cmsis_os2.o
    0x08003874   0x08003874   0x00000016   Code   RO         3545    i.vListInitialise   list.o
    0x0800388a   0x0800388a   0x00000006   Code   RO         3546    i.vListInitialiseItem  list.o
    0x08003890   0x08003890   0x00000030   Code   RO         3547    i.vListInsert       list.o
    0x080038c0   0x080038c0   0x00000018   Code   RO         3548    i.vListInsertEnd    list.o
    0x080038d8   0x080038d8   0x00000040   Code   RO         5133    i.vPortEnterCritical  port.o
    0x08003918   0x08003918   0x00000028   Code   RO         5134    i.vPortExitCritical  port.o
    0x08003940   0x08003940   0x00000064   Code   RO         5077    i.vPortFree         heap_4.o
    0x080039a4   0x080039a4   0x00000024   Code   RO         5135    i.vPortSetupTimerInterrupt  port.o
    0x080039c8   0x080039c8   0x00000054   Code   RO         5136    i.vPortValidateInterruptPriority  port.o
    0x08003a1c   0x08003a1c   0x00000028   Code   RO         3596    i.vQueueAddToRegistry  queue.o
    0x08003a44   0x08003a44   0x00000044   Code   RO         3600    i.vQueueWaitForMessageRestricted  queue.o
    0x08003a88   0x08003a88   0x0000004c   Code   RO         4041    i.vTaskDelay        tasks.o
    0x08003ad4   0x08003ad4   0x00000010   Code   RO         4046    i.vTaskInternalSetTimeOutState  tasks.o
    0x08003ae4   0x08003ae4   0x0000000c   Code   RO         4047    i.vTaskMissedYield  tasks.o
    0x08003af0   0x08003af0   0x00000030   Code   RO         4049    i.vTaskPlaceOnEventList  tasks.o
    0x08003b20   0x08003b20   0x00000038   Code   RO         4050    i.vTaskPlaceOnEventListRestricted  tasks.o
    0x08003b58   0x08003b58   0x00000050   Code   RO         4051    i.vTaskPlaceOnUnorderedEventList  tasks.o
    0x08003ba8   0x08003ba8   0x00000090   Code   RO         4052    i.vTaskPriorityDisinheritAfterTimeout  tasks.o
    0x08003c38   0x08003c38   0x00000070   Code   RO         4054    i.vTaskRemoveFromUnorderedEventList  tasks.o
    0x08003ca8   0x08003ca8   0x00000088   Code   RO         4058    i.vTaskStartScheduler  tasks.o
    0x08003d30   0x08003d30   0x00000010   Code   RO         4060    i.vTaskSuspendAll   tasks.o
    0x08003d40   0x08003d40   0x00000064   Code   RO         4061    i.vTaskSwitchContext  tasks.o
    0x08003da4   0x08003da4   0x00000010   Code   RO          317    i.waitspi           freertos.o
    0x08003db4   0x08003db4   0x00000010   Code   RO          318    i.waituart          freertos.o
    0x08003dc4   0x08003dc4   0x0000001c   Code   RO         3433    i.xEventGroupCreate  event_groups.o
    0x08003de0   0x08003de0   0x0000008c   Code   RO         3436    i.xEventGroupSetBits  event_groups.o
    0x08003e6c   0x08003e6c   0x00000108   Code   RO         3439    i.xEventGroupWaitBits  event_groups.o
    0x08003f74   0x08003f74   0x000000a8   Code   RO         5137    i.xPortStartScheduler  port.o
    0x0800401c   0x0800401c   0x0000002c   Code   RO         5138    i.xPortSysTickHandler  port.o
    0x08004048   0x08004048   0x00000016   Code   RO         3604    i.xQueueCreateMutex  queue.o
    0x0800405e   0x0800405e   0x00000042   Code   RO         3607    i.xQueueGenericCreate  queue.o
    0x080040a0   0x080040a0   0x00000066   Code   RO         3608    i.xQueueGenericCreateStatic  queue.o
    0x08004106   0x08004106   0x00000002   PAD
    0x08004108   0x08004108   0x00000088   Code   RO         3609    i.xQueueGenericReset  queue.o
    0x08004190   0x08004190   0x00000178   Code   RO         3610    i.xQueueGenericSend  queue.o
    0x08004308   0x08004308   0x000000d6   Code   RO         3611    i.xQueueGenericSendFromISR  queue.o
    0x080043de   0x080043de   0x00000002   PAD
    0x080043e0   0x080043e0   0x00000138   Code   RO         3620    i.xQueueReceive     queue.o
    0x08004518   0x08004518   0x00000178   Code   RO         3625    i.xQueueSemaphoreTake  queue.o
    0x08004690   0x08004690   0x00000074   Code   RO         4063    i.xTaskCheckForTimeOut  tasks.o
    0x08004704   0x08004704   0x0000005a   Code   RO         4064    i.xTaskCreate       tasks.o
    0x0800475e   0x0800475e   0x00000056   Code   RO         4065    i.xTaskCreateStatic  tasks.o
    0x080047b4   0x080047b4   0x0000001c   Code   RO         4069    i.xTaskGetSchedulerState  tasks.o
    0x080047d0   0x080047d0   0x0000000c   Code   RO         4070    i.xTaskGetTickCount  tasks.o
    0x080047dc   0x080047dc   0x000000c8   Code   RO         4072    i.xTaskIncrementTick  tasks.o
    0x080048a4   0x080048a4   0x00000080   Code   RO         4075    i.xTaskPriorityDisinherit  tasks.o
    0x08004924   0x08004924   0x00000078   Code   RO         4076    i.xTaskPriorityInherit  tasks.o
    0x0800499c   0x0800499c   0x00000070   Code   RO         4077    i.xTaskRemoveFromEventList  tasks.o
    0x08004a0c   0x08004a0c   0x000000c4   Code   RO         4078    i.xTaskResumeAll    tasks.o
    0x08004ad0   0x08004ad0   0x00000060   Code   RO         4403    i.xTimerCreateTimerTask  timers.o
    0x08004b30   0x08004b30   0x00000068   Code   RO         4404    i.xTimerGenericCommand  timers.o
    0x08004b98   0x08004b98   0x0000003c   Data   RO          320    .constdata          freertos.o
    0x08004bd4   0x08004bd4   0x00000010   Data   RO          709    .constdata          system_stm32f1xx_1.o
    0x08004be4   0x08004be4   0x00000008   Data   RO          710    .constdata          system_stm32f1xx_1.o
    0x08004bec   0x08004bec   0x00000012   Data   RO          969    .constdata          stm32f1xx_hal_rcc.o
    0x08004bfe   0x08004bfe   0x00000011   Data   RO         5316    .constdata          c_w.l(__printf_flags_wp.o)
    0x08004c0f   0x08004c0f   0x00000001   PAD
    0x08004c10   0x08004c10   0x00000031   Data   RO          321    .conststring        freertos.o
    0x08004c41   0x08004c41   0x00000003   PAD
    0x08004c44   0x08004c44   0x00000020   Data   RO         5552    Region$$Table       anon$$obj.o


    Execution Region RW_IRAM1 (Exec base: 0x20000000, Load base: 0x08004c64, Size: 0x00002138, Max: 0x00005000, ABSOLUTE)

    Exec Addr    Load Addr    Size         Type   Attr      Idx    E Section Name        Object

    0x20000000   0x08004c64   0x00000044   Data   RW          322    .data               freertos.o
    0x20000044   0x08004ca8   0x00000004   Data   RW          711    .data               system_stm32f1xx_1.o
    0x20000048   0x08004cac   0x0000000c   Data   RW          806    .data               stm32f1xx_hal.o
    0x20000054   0x08004cb8   0x0000003c   Data   RW         4081    .data               tasks.o
    0x20000090   0x08004cf4   0x00000014   Data   RW         4412    .data               timers.o
    0x200000a4   0x08004d08   0x00000004   Data   RW         4637    .data               cmsis_os2.o
    0x200000a8   0x08004d0c   0x00000020   Data   RW         5083    .data               heap_4.o
    0x200000c8   0x08004d2c   0x0000000c   Data   RW         5139    .data               port.o
    0x200000d4        -       0x00000040   Zero   RW          319    .bss                freertos.o
    0x20000114        -       0x00000058   Zero   RW          451    .bss                spi.o
    0x2000016c        -       0x00000048   Zero   RW          499    .bss                usart.o
    0x200001b4        -       0x00000048   Zero   RW          671    .bss                stm32f1xx_hal_timebase_tim.o
    0x200001fc        -       0x00000040   Zero   RW         3627    .bss                queue.o
    0x2000023c        -       0x000004c4   Zero   RW         4080    .bss                tasks.o
    0x20000700        -       0x0000011c   Zero   RW         4411    .bss                timers.o
    0x2000081c        -       0x000006b8   Zero   RW         4636    .bss                cmsis_os2.o
    0x20000ed4        -       0x00000c00   Zero   RW         5082    .bss                heap_4.o
    0x20001ad4        -       0x00000060   Zero   RW         5431    .bss                c_w.l(libspace.o)
    0x20001b34   0x08004d38   0x00000004   PAD
    0x20001b38        -       0x00000200   Zero   RW            2    HEAP                startup_stm32f103xb.o
    0x20001d38        -       0x00000400   Zero   RW            1    STACK               startup_stm32f103xb.o


==============================================================================

Image component sizes


      Code (inc. data)   RO Data    RW Data    ZI Data      Debug   Object Name

       162         22          0          4       1720      56687   cmsis_os2.o
       452          4          0          0          0      25279   event_groups.o
      2240        374        109         68         64      18163   freertos.o
       112         10          0          0          0        883   gpio.o
       472         24          0         32       3072       4683   heap_4.o
       138          0          0          0          0       3314   list.o
       150          6          0          0          0      12500   main.o
       662         70          0         12          0      10573   port.o
      2172         22          0          0         64      21848   queue.o
       180         22          0          0         88       1581   spi.o
        64         26        236          0       1536        796   startup_stm32f103xb.o
        64         14          0         12          0       4558   stm32f1xx_hal.o
       150         14          0          0          0      28062   stm32f1xx_hal_cortex.o
       376          4          0          0          0       3298   stm32f1xx_hal_dma.o
       490         34          0          0          0       2844   stm32f1xx_hal_gpio.o
        72         10          0          0          0        842   stm32f1xx_hal_msp.o
      1304         94         18          0          0       5641   stm32f1xx_hal_rcc.o
      1366         22          0          0          0       9868   stm32f1xx_hal_spi.o
       612         24          0          0          0       7032   stm32f1xx_hal_tim.o
         4          0          0          0          0       1537   stm32f1xx_hal_tim_ex.o
       152         20          0          0         72       1435   stm32f1xx_hal_timebase_tim.o
      1554         10          0          0          0      10756   stm32f1xx_hal_uart.o
        48         18          0          0          0       3761   stm32f1xx_it.o
         0          0          0          0          0        400   stream_buffer.o
         2          0         24          4          0       1071   system_stm32f1xx_1.o
      2588        210          0         60       1220      30662   tasks.o
       972         80          0         20        284      31871   timers.o
       284         24          0          0         72       3602   usart.o
       162          6          0          0          0     435740   ws2812frame.o

    ----------------------------------------------------------------------
     17044       1164        422        212       8192     739287   Object Totals
         0          0         32          0          0          0   (incl. Generated)
        40          0          3          0          0          0   (incl. Padding)

    ----------------------------------------------------------------------

      Code (inc. data)   RO Data    RW Data    ZI Data      Debug   Library Member Name

        56          6          0          0          0         88   __2snprintf.o
         8          0          0          0          0         68   __main.o
       312          4         17          0          0         92   __printf_flags_wp.o
        14          0          0          0          0         68   __printf_wp.o
         0          0          0          0          0          0   __rtentry.o
        12          0          0          0          0          0   __rtentry2.o
         6          0          0          0          0          0   __rtentry4.o
        52          8          0          0          0          0   __scatter.o
        26          0          0          0          0          0   __scatter_copy.o
        28          0          0          0          0          0   __scatter_zi.o
        48          6          0          0          0         96   _printf_char_common.o
         6          0          0          0          0          0   _printf_d.o
       120         16          0          0          0         92   _printf_dec.o
       178          0          0          0          0         88   _printf_intcommon.o
         0          0          0          0          0          0   _printf_percent.o
         4          0          0          0          0          0   _printf_percent_end.o
        16          0          0          0          0         68   _snputc.o
        10          0          0          0          0         68   _sputc.o
        16          0          0          0          0         68   aeabi_memset.o
        10          0          0          0          0         68   defsig_exit.o
        50          0          0          0          0         88   defsig_general.o
        80         58          0          0          0         76   defsig_rtmem_inner.o
        14          0          0          0          0         80   defsig_rtmem_outer.o
        18          0          0          0          0         80   exit.o
        94          0          0          0          0         80   h1_alloc.o
        52          0          0          0          0         68   h1_extend.o
        78          0          0          0          0         80   h1_free.o
        14          0          0          0          0         84   h1_init.o
         6          0          0          0          0        152   heapauxi.o
         4          0          0          0          0        136   hguard.o
         0          0          0          0          0          0   indicate_semi.o
       138          0          0          0          0        168   init_alloc.o
         2          0          0          0          0          0   libinit.o
        10          0          0          0          0          0   libinit2.o
         2          0          0          0          0          0   libshutdown.o
         2          0          0          0          0          0   libshutdown2.o
         8          4          0          0         96         68   libspace.o
         0          0          0          0          0          0   maybetermalloc1.o
         8          4          0          0          0         68   rt_heap_descriptor_intlibspace.o
        68          0          0          0          0         68   rt_memclr.o
        78          0          0          0          0         80   rt_memclr_w.o
       138          0          0          0          0         68   rt_memcpy_v6.o
       100          0          0          0          0         80   rt_memcpy_w.o
         2          0          0          0          0          0   rtexit.o
        10          0          0          0          0          0   rtexit2.o
        62          0          0          0          0         76   strlen.o
        12          4          0          0          0         68   sys_exit.o
        74          0          0          0          0         80   sys_stackheap_outer.o
        14          0          0          0          0         76   sys_wrch.o
         2          0          0          0          0         68   use_no_semi.o

    ----------------------------------------------------------------------
      2072        110         18          0        100       2756   Library Totals
        10          0          1          0          4          0   (incl. Padding)

    ----------------------------------------------------------------------

      Code (inc. data)   RO Data    RW Data    ZI Data      Debug   Library Name

      2062        110         17          0         96       2756   c_w.l

    ----------------------------------------------------------------------
      2072        110         18          0        100       2756   Library Totals

    ----------------------------------------------------------------------

==============================================================================


      Code (inc. data)   RO Data    RW Data    ZI Data      Debug   

     19116       1274        440        212       8292     731379   Grand Totals
     19116       1274        440        212       8292     731379   ELF Image Totals
     19116       1274        440        212          0          0   ROM Totals

==============================================================================

    Total RO  Size (Code + RO Data)                19556 (  19.10kB)
    Total RW  Size (RW Data + ZI Data)              8504 (   8.30kB)
    Total ROM Size (Code + RO Data + RW Data)      19768 (  19.30kB)

==============================================================================

